Archive member included because of file (symbol)

c:/program files (x86)/codeblocks/mingw/bin/../lib/gcc/mingw32/4.8.1/../../../libmingw32.a(tlssup.o)
                              c:/program files (x86)/codeblocks/mingw/bin/../lib/gcc/mingw32/4.8.1/../../../crt2.o (__dyn_tls_init_callback)
c:/program files (x86)/codeblocks/mingw/bin/../lib/gcc/mingw32/4.8.1/../../../libmingw32.a(CRTglob.o)
                              c:/program files (x86)/codeblocks/mingw/bin/../lib/gcc/mingw32/4.8.1/../../../crt2.o (_CRT_glob)
c:/program files (x86)/codeblocks/mingw/bin/../lib/gcc/mingw32/4.8.1/../../../libmingw32.a(CRTfmode.o)
                              c:/program files (x86)/codeblocks/mingw/bin/../lib/gcc/mingw32/4.8.1/../../../crt2.o (_CRT_fmode)
c:/program files (x86)/codeblocks/mingw/bin/../lib/gcc/mingw32/4.8.1/../../../libmingw32.a(txtmode.o)
                              c:/program files (x86)/codeblocks/mingw/bin/../lib/gcc/mingw32/4.8.1/../../../crt2.o (_fmode)
c:/program files (x86)/codeblocks/mingw/bin/../lib/gcc/mingw32/4.8.1/../../../libmingw32.a(cpu_features.o)
                              c:/program files (x86)/codeblocks/mingw/bin/../lib/gcc/mingw32/4.8.1/../../../crt2.o (__cpu_features_init)
c:/program files (x86)/codeblocks/mingw/bin/../lib/gcc/mingw32/4.8.1/../../../libmingw32.a(CRT_fp10.o)
                              c:/program files (x86)/codeblocks/mingw/bin/../lib/gcc/mingw32/4.8.1/../../../crt2.o (_fpreset)
c:/program files (x86)/codeblocks/mingw/bin/../lib/gcc/mingw32/4.8.1/../../../libmingw32.a(pseudo-reloc.o)
                              c:/program files (x86)/codeblocks/mingw/bin/../lib/gcc/mingw32/4.8.1/../../../crt2.o (_pei386_runtime_relocator)
c:/program files (x86)/codeblocks/mingw/bin/../lib/gcc/mingw32/4.8.1/../../../libmingw32.a(gccmain.o)
                              c:/program files (x86)/codeblocks/mingw/bin/../lib/gcc/mingw32/4.8.1/../../../crt2.o (__main)
c:/program files (x86)/codeblocks/mingw/bin/../lib/gcc/mingw32/4.8.1/../../../libmingw32.a(crtst.o)
                              c:/program files (x86)/codeblocks/mingw/bin/../lib/gcc/mingw32/4.8.1/../../../libmingw32.a(tlssup.o) (_CRT_MT)
c:/program files (x86)/codeblocks/mingw/bin/../lib/gcc/mingw32/4.8.1/../../../libmingw32.a(tlsthrd.o)
                              c:/program files (x86)/codeblocks/mingw/bin/../lib/gcc/mingw32/4.8.1/../../../libmingw32.a(tlssup.o) (__mingw_TLScallback)
c:/program files (x86)/codeblocks/mingw/bin/../lib/gcc/mingw32/4.8.1/../../../libmingw32.a(pseudo-reloc-list.o)
                              c:/program files (x86)/codeblocks/mingw/bin/../lib/gcc/mingw32/4.8.1/../../../libmingw32.a(pseudo-reloc.o) (__RUNTIME_PSEUDO_RELOC_LIST__)
c:/program files (x86)/codeblocks/mingw/bin/../lib/gcc/mingw32/4.8.1/libgcc.a(_ctors.o)
                              c:/program files (x86)/codeblocks/mingw/bin/../lib/gcc/mingw32/4.8.1/../../../libmingw32.a(gccmain.o) (__DTOR_LIST__)
c:/program files (x86)/codeblocks/mingw/bin/../lib/gcc/mingw32/4.8.1/../../../libmingwex.a(vprintf.o)
                              main.o (__mingw_vprintf)
c:/program files (x86)/codeblocks/mingw/bin/../lib/gcc/mingw32/4.8.1/../../../libmingwex.a(pformat.o)
                              c:/program files (x86)/codeblocks/mingw/bin/../lib/gcc/mingw32/4.8.1/../../../libmingwex.a(vprintf.o) (__mingw_pformat)
c:/program files (x86)/codeblocks/mingw/bin/../lib/gcc/mingw32/4.8.1/../../../libmingwex.a(gdtoa.o)
                              c:/program files (x86)/codeblocks/mingw/bin/../lib/gcc/mingw32/4.8.1/../../../libmingwex.a(pformat.o) (__gdtoa)
c:/program files (x86)/codeblocks/mingw/bin/../lib/gcc/mingw32/4.8.1/../../../libmingwex.a(wcrtomb.o)
                              c:/program files (x86)/codeblocks/mingw/bin/../lib/gcc/mingw32/4.8.1/../../../libmingwex.a(pformat.o) (wcrtomb)
c:/program files (x86)/codeblocks/mingw/bin/../lib/gcc/mingw32/4.8.1/../../../libmingwex.a(mbrtowc.o)
                              c:/program files (x86)/codeblocks/mingw/bin/../lib/gcc/mingw32/4.8.1/../../../libmingwex.a(pformat.o) (mbrtowc)
c:/program files (x86)/codeblocks/mingw/bin/../lib/gcc/mingw32/4.8.1/../../../libmingwex.a(dmisc.o)
                              c:/program files (x86)/codeblocks/mingw/bin/../lib/gcc/mingw32/4.8.1/../../../libmingwex.a(gdtoa.o) (__rv_alloc_D2A)
c:/program files (x86)/codeblocks/mingw/bin/../lib/gcc/mingw32/4.8.1/../../../libmingwex.a(misc.o)
                              c:/program files (x86)/codeblocks/mingw/bin/../lib/gcc/mingw32/4.8.1/../../../libmingwex.a(gdtoa.o) (__Balloc_D2A)
c:/program files (x86)/codeblocks/mingw/bin/../lib/gcc/mingw32/4.8.1/../../../libmingwex.a(gmisc.o)
                              c:/program files (x86)/codeblocks/mingw/bin/../lib/gcc/mingw32/4.8.1/../../../libmingwex.a(gdtoa.o) (__rshift_D2A)
c:/program files (x86)/codeblocks/mingw/bin/../lib/gcc/mingw32/4.8.1/../../../libmsvcrt.a(dsnos00266.o)
[...]
Memory Configuration

Name             Origin             Length             Attributes
*default*        0x00000000         0xffffffff

Linker script and memory map

                0x00400000                __image_base__ = 0x400000
                0x00000000                __dll__ = 0x0
                0x00400000                ___ImageBase = 0x400000
                0x00001000                __section_alignment__ = 0x1000
                0x00000200                __file_alignment__ = 0x200
                0x00000004                __major_os_version__ = 0x4
                0x00000000                __minor_os_version__ = 0x0
                0x00000001                __major_image_version__ = 0x1
                0x00000000                __minor_image_version__ = 0x0
                0x00000004                __major_subsystem_version__ = 0x4
                0x00000000                __minor_subsystem_version__ = 0x0
                0x00000003                __subsystem__ = 0x3
                0x00200000                __size_of_stack_reserve__ = 0x200000
                0x00001000                __size_of_stack_commit__ = 0x1000
                0x00100000                __size_of_heap_reserve__ = 0x100000
                0x00001000                __size_of_heap_commit__ = 0x1000
                0x00000000                __loader_flags__ = 0x0
                0x00000000                __dll_characteristics__ = 0x0
LOAD c:/program files (x86)/codeblocks/mingw/bin/../lib/gcc/mingw32/4.8.1/../../../crt2.o
LOAD c:/program files (x86)/codeblocks/mingw/bin/../lib/gcc/mingw32/4.8.1/crtbegin.o
LOAD main.o
LOAD memory.o
LOAD c:/program files (x86)/codeblocks/mingw/bin/../lib/gcc/mingw32/4.8.1/../../../libmingw32.a
LOAD c:/program files (x86)/codeblocks/mingw/bin/../lib/gcc/mingw32/4.8.1/libgcc.a
LOAD c:/program files (x86)/codeblocks/mingw/bin/../lib/gcc/mingw32/4.8.1/../../../libmoldname.a
LOAD c:/program files (x86)/codeblocks/mingw/bin/../lib/gcc/mingw32/4.8.1/../../../libmingwex.a
LOAD c:/program files (x86)/codeblocks/mingw/bin/../lib/gcc/mingw32/4.8.1/../../../libmsvcrt.a
LOAD c:/program files (x86)/codeblocks/mingw/bin/../lib/gcc/mingw32/4.8.1/../../../libpthread.a
LOAD c:/program files (x86)/codeblocks/mingw/bin/../lib/gcc/mingw32/4.8.1/../../../libadvapi32.a
LOAD c:/program files (x86)/codeblocks/mingw/bin/../lib/gcc/mingw32/4.8.1/../../../libshell32.a
LOAD c:/program files (x86)/codeblocks/mingw/bin/../lib/gcc/mingw32/4.8.1/../../../libuser32.a
LOAD c:/program files (x86)/codeblocks/mingw/bin/../lib/gcc/mingw32/4.8.1/../../../libkernel32.a
LOAD c:/program files (x86)/codeblocks/mingw/bin/../lib/gcc/mingw32/4.8.1/../../../libmingw32.a
LOAD c:/program files (x86)/codeblocks/mingw/bin/../lib/gcc/mingw32/4.8.1/libgcc.a
LOAD c:/program files (x86)/codeblocks/mingw/bin/../lib/gcc/mingw32/4.8.1/../../../libmoldname.a
LOAD c:/program files (x86)/codeblocks/mingw/bin/../lib/gcc/mingw32/4.8.1/../../../libmingwex.a
LOAD c:/program files (x86)/codeblocks/mingw/bin/../lib/gcc/mingw32/4.8.1/../../../libmsvcrt.a
LOAD c:/program files (x86)/codeblocks/mingw/bin/../lib/gcc/mingw32/4.8.1/crtend.o
                0x000003d0                . = SIZEOF_HEADERS
                0x00001000                . = ALIGN (__section_alignment__)

.text           0x00401000     0x5e00
 *(.init)
 *(.text)
 .text          0x00401000      0x2e0 c:/program files (x86)/codeblocks/mingw/bin/../lib/gcc/mingw32/4.8.1/../../../crt2.o
                0x00401280                mainCRTStartup
                0x004012a0                WinMainCRTStartup
                0x004012c0                atexit
                0x004012d0                _onexit
 .text          0x004012e0       0x60 c:/program files (x86)/codeblocks/mingw/bin/../lib/gcc/mingw32/4.8.1/crtbegin.o
                0x004012e0                __gcc_register_frame
                0x00401330                __gcc_deregister_frame
 .text          0x00401340      0x1d0 main.o
                0x00401369                main
 .text          0x00401510       0xb0 memory.o
                0x00401510                set_value
                0x0040152c                clear_value
                0x0040154e                get_value
                0x0040155e                set_all
                0x0040159b                clear_all
 .text          0x004015c0       0xf0 c:/program files (x86)/codeblocks/mingw/bin/../lib/gcc/mingw32/4.8.1/../../../libmingw32.a(tlssup.o)
                0x00401610                __dyn_tls_init@12
                0x004016a0                __tlregdtor
 .text          0x004016b0        0x0 c:/program files (x86)/codeblocks/mingw/bin/../lib/gcc/mingw32/4.8.1/../../../libmingw32.a(CRTglob.o)
 .text          0x004016b0        0x0 c:/program files (x86)/codeblocks/mingw/bin/../lib/gcc/mingw32/4.8.1/../../../libmingw32.a(CRTfmode.o)
 .text          0x004016b0        0x0 c:/program files (x86)/codeblocks/mingw/bin/../lib/gcc/mingw32/4.8.1/../../../libmingw32.a(txtmode.o)
 .text          0x004016b0       0xe0 c:/program files (x86)/codeblocks/mingw/bin/../lib/gcc/mingw32/4.8.1/../../../libmingw32.a(cpu_features.o)
                0x004016b0                __cpu_features_init
 .text          0x00401790       0x10 c:/program files (x86)/codeblocks/mingw/bin/../lib/gcc/mingw32/4.8.1/../../../libmingw32.a(CRT_fp10.o)
                0x00401790                fpreset
                0x00401790                _fpreset
 .text          0x004017a0      0x350 c:/program files (x86)/codeblocks/mingw/bin/../lib/gcc/mingw32/4.8.1/../../../libmingw32.a(pseudo-reloc.o)
                0x00401910                _pei386_runtime_relocator
 .text          0x00401af0       0xa0 c:/program files (x86)/codeblocks/mingw/bin/../lib/gcc/mingw32/4.8.1/../../../libmingw32.a(gccmain.o)
                0x00401af0                __do_global_dtors
                0x00401b20                __do_global_ctors
                0x00401b70                __main
 .text          0x00401b90        0x0 c:/program files (x86)/codeblocks/mingw/bin/../lib/gcc/mingw32/4.8.1/../../../libmingw32.a(crtst.o)
 .text          0x00401b90      0x220 c:/program files (x86)/codeblocks/mingw/bin/../lib/gcc/mingw32/4.8.1/../../../libmingw32.a(tlsthrd.o)
                0x00401bf0                ___w64_mingwthr_add_key_dtor
                0x00401c80                ___w64_mingwthr_remove_key_dtor
                0x00401d10                __mingw_TLScallback
 .text          0x00401db0        0x0 c:/program files (x86)/codeblocks/mingw/bin/../lib/gcc/mingw32/4.8.1/../../../libmingw32.a(pseudo-reloc-list.o)
 .text          0x00401db0        0x0 c:/program files (x86)/codeblocks/mingw/bin/../lib/gcc/mingw32/4.8.1/libgcc.a(_ctors.o)
 .text          0x00401db0       0x40 c:/program files (x86)/codeblocks/mingw/bin/../lib/gcc/mingw32/4.8.1/../../../libmingwex.a(vprintf.o)
                0x00401db0                __mingw_vprintf
 .text          0x00401df0     0x1ec0 c:/program files (x86)/codeblocks/mingw/bin/../lib/gcc/mingw32/4.8.1/../../../libmingwex.a(pformat.o)
                0x004033a0                __mingw_pformat
 .text          0x00403cb0     0x15c0 c:/program files (x86)/codeblocks/mingw/bin/../lib/gcc/mingw32/4.8.1/../../../libmingwex.a(gdtoa.o)
                0x00403cb0                __gdtoa
 .text          0x00405270      0x270 c:/program files (x86)/codeblocks/mingw/bin/../lib/gcc/mingw32/4.8.1/../../../libmingwex.a(wcrtomb.o)
                0x00405310                wcrtomb
                0x004053a0                wcsrtombs
 .text          0x004054e0      0x450 c:/program files (x86)/codeblocks/mingw/bin/../lib/gcc/mingw32/4.8.1/../../../libmingwex.a(mbrtowc.o)
                0x00405680                mbrtowc
                0x00405730                mbsrtowcs
                0x004058a0                mbrlen
 .text          0x00405930      0x2d0 c:/program files (x86)/codeblocks/mingw/bin/../lib/gcc/mingw32/4.8.1/../../../libmingwex.a(dmisc.o)
                0x00405930                __rv_alloc_D2A
                0x00405970                __nrv_alloc_D2A
                0x004059c0                __freedtoa
                0x004059e0                __quorem_D2A
 .text          0x00405c00      0xb40 c:/program files (x86)/codeblocks/mingw/bin/../lib/gcc/mingw32/4.8.1/../../../libmingwex.a(misc.o)
                0x00405d40                __Balloc_D2A
                0x00405e00                __Bfree_D2A
                0x00405e50                __multadd_D2A
                0x00405f50                __i2b_D2A
                0x00405f80                __mult_D2A
                0x004060e0                __pow5mult_D2A
                0x00406200                __lshift_D2A
                0x00406300                __cmp_D2A
                0x00406370                __diff_D2A
                0x00406500                __b2d_D2A
                0x00406610                __d2b_D2A
                0x00406710                __strcp_D2A
 .text          0x00406740      0x150 c:/program files (x86)/codeblocks/mingw/bin/../lib/gcc/mingw32/4.8.1/../../../libmingwex.a(gmisc.o)
                0x00406740                __rshift_D2A
                0x00406850                __trailz_D2A
 .text          0x00406890        0x0 c:/program files (x86)/codeblocks/mingw/bin/../lib/gcc/mingw32/4.8.1/../../../libmsvcrt.a(dsnos00266.o)
 .text          0x00406890        0x0 c:/program files (x86)/codeblocks/mingw/bin/../lib/gcc/mingw32/4.8.1/../../../libmsvcrt.a(dsnos00590.o)
 .text          0x00406890        0x0 c:/program files (x86)/codeblocks/mingw/bin/../lib/gcc/mingw32/4.8.1/../../../libmsvcrt.a(dsnos00383.o)
 .text          0x00406890        0x8 c:/program files (x86)/codeblocks/mingw/bin/../lib/gcc/mingw32/4.8.1/../../../libmsvcrt.a(dsnos00055.o)
                0x00406890                __getmainargs
 .text          0x00406898        0x8 c:/program files (x86)/codeblocks/mingw/bin/../lib/gcc/mingw32/4.8.1/../../../libmsvcrt.a(dsnos00426.o)
                0x00406898                _setmode
 .text          0x004068a0        0x8 c:/program files (x86)/codeblocks/mingw/bin/../lib/gcc/mingw32/4.8.1/../../../libmsvcrt.a(dsnos00079.o)
                0x004068a0                __p__fmode
 .text          0x004068a8        0x8 c:/program files (x86)/codeblocks/mingw/bin/../lib/gcc/mingw32/4.8.1/../../../libmsvcrt.a(dsnos00077.o)
                0x004068a8                __p__environ
 .text          0x004068b0        0x8 c:/program files (x86)/codeblocks/mingw/bin/../lib/gcc/mingw32/4.8.1/../../../libmsvcrt.a(dsnos00147.o)
                0x004068b0                _cexit
 .text          0x004068b8        0x8 c:/program files (x86)/codeblocks/mingw/bin/../lib/gcc/mingw32/4.8.1/../../../libmsvcrt.a(dsnos00706.o)
                0x004068b8                signal
 .text          0x004068c0        0x8 c:/program files (x86)/codeblocks/mingw/bin/../lib/gcc/mingw32/4.8.1/../../../libmsvcrt.a(dsnos00633.o)
                0x004068c0                fwrite
 .text          0x004068c8        0x8 c:/program files (x86)/codeblocks/mingw/bin/../lib/gcc/mingw32/4.8.1/../../../libmsvcrt.a(dsnos00748.o)
                0x004068c8                vfprintf
 .text          0x004068d0        0x8 c:/program files (x86)/codeblocks/mingw/bin/../lib/gcc/mingw32/4.8.1/../../../libmsvcrt.a(dsnos00583.o)
                0x004068d0                abort
 .text          0x004068d8        0x8 c:/program files (x86)/codeblocks/mingw/bin/../lib/gcc/mingw32/4.8.1/../../../libmsvcrt.a(dsnos00682.o)
                0x004068d8                memcpy
 .text          0x004068e0        0x8 c:/program files (x86)/codeblocks/mingw/bin/../lib/gcc/mingw32/4.8.1/../../../libmsvcrt.a(dsnos00595.o)
                0x004068e0                calloc
 .text          0x004068e8        0x8 c:/program files (x86)/codeblocks/mingw/bin/../lib/gcc/mingw32/4.8.1/../../../libmsvcrt.a(dsnos00625.o)
                0x004068e8                free
 .text          0x004068f0        0x8 c:/program files (x86)/codeblocks/mingw/bin/../lib/gcc/mingw32/4.8.1/../../../libmsvcrt.a(dsnos00620.o)
                0x004068f0                fputc
 .text          0x004068f8        0x8 c:/program files (x86)/codeblocks/mingw/bin/../lib/gcc/mingw32/4.8.1/../../../libmsvcrt.a(dsnos00671.o)
                0x004068f8                localeconv
 .text          0x00406900        0x8 c:/program files (x86)/codeblocks/mingw/bin/../lib/gcc/mingw32/4.8.1/../../../libmsvcrt.a(dsnos00721.o)
                0x00406900                strlen
 .text          0x00406908        0x8 c:/program files (x86)/codeblocks/mingw/bin/../lib/gcc/mingw32/4.8.1/../../../libmsvcrt.a(dsnos00637.o)
                0x00406908                getenv
 .text          0x00406910        0x4 c:/program files (x86)/codeblocks/mingw/bin/../lib/gcc/mingw32/4.8.1/../../../libmsvcrt.a(ofmt_stub.o)
                0x00406910                _get_output_format
 .text          0x00406914        0x8 c:/program files (x86)/codeblocks/mingw/bin/../lib/gcc/mingw32/4.8.1/../../../libmsvcrt.a(dsnos00761.o)
                0x00406914                wcslen
 .text          0x0040691c        0x0 c:/program files (x86)/codeblocks/mingw/bin/../lib/gcc/mingw32/4.8.1/../../../libmsvcrt.a(dsnos00065.o)
 .text          0x0040691c        0x8 c:/program files (x86)/codeblocks/mingw/bin/../lib/gcc/mingw32/4.8.1/../../../libmsvcrt.a(dsnos00182.o)
                0x0040691c                _errno
 .text          0x00406924        0x8 c:/program files (x86)/codeblocks/mingw/bin/../lib/gcc/mingw32/4.8.1/../../../libmsvcrt.a(dsnos00704.o)
                0x00406924                setlocale
 .text          0x0040692c        0x8 c:/program files (x86)/codeblocks/mingw/bin/../lib/gcc/mingw32/4.8.1/../../../libmsvcrt.a(dsnos00714.o)
                0x0040692c                strchr
 .text          0x00406934        0x8 c:/program files (x86)/codeblocks/mingw/bin/../lib/gcc/mingw32/4.8.1/../../../libmsvcrt.a(dsnos00592.o)
                0x00406934                atoi
 .text          0x0040693c        0x8 c:/program files (x86)/codeblocks/mingw/bin/../lib/gcc/mingw32/4.8.1/../../../libmsvcrt.a(dsnos00676.o)
                0x0040693c                malloc
 .text          0x00406944        0x0 c:/program files (x86)/codeblocks/mingw/bin/../lib/gcc/mingw32/4.8.1/../../../libmsvcrt.a(dsnoh.o)
 .text          0x00406944        0x0 c:/program files (x86)/codeblocks/mingw/bin/../lib/gcc/mingw32/4.8.1/../../../libmsvcrt.a(dsnot.o)
 .text          0x00406944        0x8 c:/program files (x86)/codeblocks/mingw/bin/../lib/gcc/mingw32/4.8.1/../../../libkernel32.a(dchds01140.o)
                0x00406944                SetUnhandledExceptionFilter@4
 .text          0x0040694c        0x8 c:/program files (x86)/codeblocks/mingw/bin/../lib/gcc/mingw32/4.8.1/../../../libkernel32.a(dchds00279.o)
                0x0040694c                ExitProcess@4
 .text          0x00406954        0x8 c:/program files (x86)/codeblocks/mingw/bin/../lib/gcc/mingw32/4.8.1/../../../libkernel32.a(dchds00529.o)
                0x00406954                GetModuleHandleA@4
 .text          0x0040695c        0x8 c:/program files (x86)/codeblocks/mingw/bin/../lib/gcc/mingw32/4.8.1/../../../libkernel32.a(dchds00577.o)
                0x0040695c                GetProcAddress@8
 .text          0x00406964        0x8 c:/program files (x86)/codeblocks/mingw/bin/../lib/gcc/mingw32/4.8.1/../../../libkernel32.a(dchds01215.o)
                0x00406964                VirtualQuery@12
 .text          0x0040696c        0x8 c:/program files (x86)/codeblocks/mingw/bin/../lib/gcc/mingw32/4.8.1/../../../libkernel32.a(dchds01213.o)
                0x0040696c                VirtualProtect@16
 .text          0x00406974        0x8 c:/program files (x86)/codeblocks/mingw/bin/../lib/gcc/mingw32/4.8.1/../../../libkernel32.a(dchds00236.o)
                0x00406974                EnterCriticalSection@4
 .text          0x0040697c        0x8 c:/program files (x86)/codeblocks/mingw/bin/../lib/gcc/mingw32/4.8.1/../../../libkernel32.a(dchds01173.o)
                0x0040697c                TlsGetValue@4
 .text          0x00406984        0x8 c:/program files (x86)/codeblocks/mingw/bin/../lib/gcc/mingw32/4.8.1/../../../libkernel32.a(dchds00510.o)
                0x00406984                GetLastError@0
 .text          0x0040698c        0x8 c:/program files (x86)/codeblocks/mingw/bin/../lib/gcc/mingw32/4.8.1/../../../libkernel32.a(dchds00814.o)
                0x0040698c                LeaveCriticalSection@4
 .text          0x00406994        0x8 c:/program files (x86)/codeblocks/mingw/bin/../lib/gcc/mingw32/4.8.1/../../../libkernel32.a(dchds00207.o)
                0x00406994                DeleteCriticalSection@4
 .text          0x0040699c        0x8 c:/program files (x86)/codeblocks/mingw/bin/../lib/gcc/mingw32/4.8.1/../../../libkernel32.a(dchds00734.o)
                0x0040699c                InitializeCriticalSection@4
 .text          0x004069a4        0x8 c:/program files (x86)/codeblocks/mingw/bin/../lib/gcc/mingw32/4.8.1/../../../libkernel32.a(dchds01247.o)
                0x004069a4                WideCharToMultiByte@32
 .text          0x004069ac        0x8 c:/program files (x86)/codeblocks/mingw/bin/../lib/gcc/mingw32/4.8.1/../../../libkernel32.a(dchds00763.o)
                0x004069ac                IsDBCSLeadByteEx@8
 .text          0x004069b4        0x8 c:/program files (x86)/codeblocks/mingw/bin/../lib/gcc/mingw32/4.8.1/../../../libkernel32.a(dchds00860.o)
                0x004069b4                MultiByteToWideChar@24
 .text          0x004069bc        0x8 c:/program files (x86)/codeblocks/mingw/bin/../lib/gcc/mingw32/4.8.1/../../../libkernel32.a(dchds01152.o)
                0x004069bc                Sleep@4
 .text          0x004069c4        0x8 c:/program files (x86)/codeblocks/mingw/bin/../lib/gcc/mingw32/4.8.1/../../../libkernel32.a(dchds00744.o)
                0x004069c4                InterlockedExchange@8
 .text          0x004069cc        0x0 c:/program files (x86)/codeblocks/mingw/bin/../lib/gcc/mingw32/4.8.1/../../../libkernel32.a(dchdh.o)
 .text          0x004069cc        0x0 c:/program files (x86)/codeblocks/mingw/bin/../lib/gcc/mingw32/4.8.1/../../../libkernel32.a(dchdt.o)
 *fill*         0x004069cc        0x4 
 .text          0x004069d0      0x150 c:/program files (x86)/codeblocks/mingw/bin/../lib/gcc/mingw32/4.8.1/libgcc.a(_umoddi3.o)
                0x004069d0                __umoddi3
 .text          0x00406b20      0x110 c:/program files (x86)/codeblocks/mingw/bin/../lib/gcc/mingw32/4.8.1/libgcc.a(_udivdi3.o)
                0x00406b20                __udivdi3
 .text          0x00406c30       0x2c c:/program files (x86)/codeblocks/mingw/bin/../lib/gcc/mingw32/4.8.1/libgcc.a(_chkstk_ms.o)
                0x00406c30                __chkstk_ms
 .text          0x00406c5c        0x0 c:/program files (x86)/codeblocks/mingw/bin/../lib/gcc/mingw32/4.8.1/crtend.o
 *(SORT(.text$*))
 *(.text.*)
 *fill*         0x00406c5c        0x4 
 .text.startup  0x00406c60       0x20 c:/program files (x86)/codeblocks/mingw/bin/../lib/gcc/mingw32/4.8.1/crtend.o
 *(.gnu.linkonce.t.*)
 *(.glue_7t)
 *(.glue_7)
                0x00406c80                ___CTOR_LIST__ = .
                0x00406c80                __CTOR_LIST__ = .
                0x00406c80        0x4 LONG 0xffffffff
 *(.ctors)
 *(.ctor)
 *(SORT(.ctors.*))
 .ctors.65535   0x00406c84        0x4 c:/program files (x86)/codeblocks/mingw/bin/../lib/gcc/mingw32/4.8.1/crtend.o
                0x00406c88        0x4 LONG 0x0
                0x00406c8c                ___DTOR_LIST__ = .
                0x00406c8c                __DTOR_LIST__ = .
                0x00406c8c        0x4 LONG 0xffffffff
 *(.dtors)
 *(.dtor)
 *(SORT(.dtors.*))
                0x00406c90        0x4 LONG 0x0
 *(.fini)
 *(.gcc_exc)
                0x00406c94                PROVIDE (etext, .)
 *(.gcc_except_table)

.data           0x00407000      0x200
                0x00407000                __data_start__ = .
 *(.data)
 .data          0x00407000        0x0 c:/program files (x86)/codeblocks/mingw/bin/../lib/gcc/mingw32/4.8.1/../../../crt2.o
 .data          0x00407000        0x0 c:/program files (x86)/codeblocks/mingw/bin/../lib/gcc/mingw32/4.8.1/crtbegin.o
 .data          0x00407000        0x0 main.o
 .data          0x00407000        0x0 memory.o
 .data          0x00407000        0x0 c:/program files (x86)/codeblocks/mingw/bin/../lib/gcc/mingw32/4.8.1/../../../libmingw32.a(tlssup.o)
 .data          0x00407000        0x4 c:/program files (x86)/codeblocks/mingw/bin/../lib/gcc/mingw32/4.8.1/../../../libmingw32.a(CRTglob.o)
                0x00407000                _CRT_glob
 .data          0x00407004        0x0 c:/program files (x86)/codeblocks/mingw/bin/../lib/gcc/mingw32/4.8.1/../../../libmingw32.a(CRTfmode.o)
 .data          0x00407004        0x4 c:/program files (x86)/codeblocks/mingw/bin/../lib/gcc/mingw32/4.8.1/../../../libmingw32.a(txtmode.o)
                0x00407004                _fmode
 .data          0x00407008        0x0 c:/program files (x86)/codeblocks/mingw/bin/../lib/gcc/mingw32/4.8.1/../../../libmingw32.a(cpu_features.o)
 .data          0x00407008        0x0 c:/program files (x86)/codeblocks/mingw/bin/../lib/gcc/mingw32/4.8.1/../../../libmingw32.a(CRT_fp10.o)
 .data          0x00407008        0x0 c:/program files (x86)/codeblocks/mingw/bin/../lib/gcc/mingw32/4.8.1/../../../libmingw32.a(pseudo-reloc.o)
 .data          0x00407008        0x4 c:/program files (x86)/codeblocks/mingw/bin/../lib/gcc/mingw32/4.8.1/../../../libmingw32.a(gccmain.o)
 .data          0x0040700c        0x0 c:/program files (x86)/codeblocks/mingw/bin/../lib/gcc/mingw32/4.8.1/../../../libmingw32.a(crtst.o)
 .data          0x0040700c        0x0 c:/program files (x86)/codeblocks/mingw/bin/../lib/gcc/mingw32/4.8.1/../../../libmingw32.a(tlsthrd.o)
 .data          0x0040700c        0x0 c:/program files (x86)/codeblocks/mingw/bin/../lib/gcc/mingw32/4.8.1/../../../libmingw32.a(pseudo-reloc-list.o)
 .data          0x0040700c        0x0 c:/program files (x86)/codeblocks/mingw/bin/../lib/gcc/mingw32/4.8.1/libgcc.a(_ctors.o)
 .data          0x0040700c        0x0 c:/program files (x86)/codeblocks/mingw/bin/../lib/gcc/mingw32/4.8.1/../../../libmingwex.a(vprintf.o)
 .data          0x0040700c       0x14 c:/program files (x86)/codeblocks/mingw/bin/../lib/gcc/mingw32/4.8.1/../../../libmingwex.a(pformat.o)
 .data          0x00407020        0x0 c:/program files (x86)/codeblocks/mingw/bin/../lib/gcc/mingw32/4.8.1/../../../libmingwex.a(gdtoa.o)
 .data          0x00407020        0x0 c:/program files (x86)/codeblocks/mingw/bin/../lib/gcc/mingw32/4.8.1/../../../libmingwex.a(wcrtomb.o)
 .data          0x00407020        0x0 c:/program files (x86)/codeblocks/mingw/bin/../lib/gcc/mingw32/4.8.1/../../../libmingwex.a(mbrtowc.o)
 .data          0x00407020        0x0 c:/program files (x86)/codeblocks/mingw/bin/../lib/gcc/mingw32/4.8.1/../../../libmingwex.a(dmisc.o)
 .data          0x00407020        0x4 c:/program files (x86)/codeblocks/mingw/bin/../lib/gcc/mingw32/4.8.1/../../../libmingwex.a(misc.o)
 .data          0x00407024        0x0 c:/program files (x86)/codeblocks/mingw/bin/../lib/gcc/mingw32/4.8.1/../../../libmingwex.a(gmisc.o)
 .data          0x00407024        0x0 c:/program files (x86)/codeblocks/mingw/bin/../lib/gcc/mingw32/4.8.1/../../../libmsvcrt.a(dsnos00266.o)
 .data          0x00407024        0x0 c:/program files (x86)/codeblocks/mingw/bin/../lib/gcc/mingw32/4.8.1/../../../libmsvcrt.a(dsnos00099.o)
 .data          0x00407024        0x0 c:/program files (x86)/codeblocks/mingw/bin/../lib/gcc/mingw32/4.8.1/../../../libmsvcrt.a(dsnos00590.o)
 .data          0x00407024        0x0 c:/program files (x86)/codeblocks/mingw/bin/../lib/gcc/mingw32/4.8.1/../../../libmsvcrt.a(dsnos00383.o)
 .data          0x00407024        0x0 c:/program files (x86)/codeblocks/mingw/bin/../lib/gcc/mingw32/4.8.1/../../../libmsvcrt.a(dsnos00055.o)
 .data          0x00407024        0x0 c:/program files (x86)/codeblocks/mingw/bin/../lib/gcc/mingw32/4.8.1/../../../libmsvcrt.a(dsnos00426.o)
 .data          0x00407024        0x0 c:/program files (x86)/codeblocks/mingw/bin/../lib/gcc/mingw32/4.8.1/../../../libmsvcrt.a(dsnos00079.o)
 .data          0x00407024        0x0 c:/program files (x86)/codeblocks/mingw/bin/../lib/gcc/mingw32/4.8.1/../../../libmsvcrt.a(dsnos00077.o)
 .data          0x00407024        0x0 c:/program files (x86)/codeblocks/mingw/bin/../lib/gcc/mingw32/4.8.1/../../../libmsvcrt.a(dsnos00147.o)
 .data          0x00407024        0x0 c:/program files (x86)/codeblocks/mingw/bin/../lib/gcc/mingw32/4.8.1/../../../libmsvcrt.a(dsnos00706.o)
 .data          0x00407024        0x0 c:/program files (x86)/codeblocks/mingw/bin/../lib/gcc/mingw32/4.8.1/../../../libmsvcrt.a(dsnos00633.o)
 .data          0x00407024        0x0 c:/program files (x86)/codeblocks/mingw/bin/../lib/gcc/mingw32/4.8.1/../../../libmsvcrt.a(dsnos00748.o)
 .data          0x00407024        0x0 c:/program files (x86)/codeblocks/mingw/bin/../lib/gcc/mingw32/4.8.1/../../../libmsvcrt.a(dsnos00583.o)
 .data          0x00407024        0x0 c:/program files (x86)/codeblocks/mingw/bin/../lib/gcc/mingw32/4.8.1/../../../libmsvcrt.a(dsnos00682.o)
 .data          0x00407024        0x0 c:/program files (x86)/codeblocks/mingw/bin/../lib/gcc/mingw32/4.8.1/../../../libmsvcrt.a(dsnos00595.o)
 .data          0x00407024        0x0 c:/program files (x86)/codeblocks/mingw/bin/../lib/gcc/mingw32/4.8.1/../../../libmsvcrt.a(dsnos00625.o)
 .data          0x00407024        0x0 c:/program files (x86)/codeblocks/mingw/bin/../lib/gcc/mingw32/4.8.1/../../../libmsvcrt.a(dsnos00620.o)
 .data          0x00407024        0x0 c:/program files (x86)/codeblocks/mingw/bin/../lib/gcc/mingw32/4.8.1/../../../libmsvcrt.a(dsnos00671.o)
 .data          0x00407024        0x0 c:/program files (x86)/codeblocks/mingw/bin/../lib/gcc/mingw32/4.8.1/../../../libmsvcrt.a(dsnos00721.o)
 .data          0x00407024        0x0 c:/program files (x86)/codeblocks/mingw/bin/../lib/gcc/mingw32/4.8.1/../../../libmsvcrt.a(dsnos00637.o)
 .data          0x00407024        0x0 c:/program files (x86)/codeblocks/mingw/bin/../lib/gcc/mingw32/4.8.1/../../../libmsvcrt.a(ofmt_stub.o)
 .data          0x00407024        0x0 c:/program files (x86)/codeblocks/mingw/bin/../lib/gcc/mingw32/4.8.1/../../../libmsvcrt.a(dsnos00761.o)
 .data          0x00407024        0x0 c:/program files (x86)/codeblocks/mingw/bin/../lib/gcc/mingw32/4.8.1/../../../libmsvcrt.a(dsnos00065.o)
 .data          0x00407024        0x0 c:/program files (x86)/codeblocks/mingw/bin/../lib/gcc/mingw32/4.8.1/../../../libmsvcrt.a(dsnos00182.o)
 .data          0x00407024        0x0 c:/program files (x86)/codeblocks/mingw/bin/../lib/gcc/mingw32/4.8.1/../../../libmsvcrt.a(dsnos00704.o)
 .data          0x00407024        0x0 c:/program files (x86)/codeblocks/mingw/bin/../lib/gcc/mingw32/4.8.1/../../../libmsvcrt.a(dsnos00714.o)
 .data          0x00407024        0x0 c:/program files (x86)/codeblocks/mingw/bin/../lib/gcc/mingw32/4.8.1/../../../libmsvcrt.a(dsnos00592.o)
 .data          0x00407024        0x0 c:/program files (x86)/codeblocks/mingw/bin/../lib/gcc/mingw32/4.8.1/../../../libmsvcrt.a(dsnos00676.o)
 .data          0x00407024        0x0 c:/program files (x86)/codeblocks/mingw/bin/../lib/gcc/mingw32/4.8.1/../../../libmsvcrt.a(dsnoh.o)
 .data          0x00407024        0x0 c:/program files (x86)/codeblocks/mingw/bin/../lib/gcc/mingw32/4.8.1/../../../libmsvcrt.a(dsnot.o)
 .data          0x00407024        0x0 c:/program files (x86)/codeblocks/mingw/bin/../lib/gcc/mingw32/4.8.1/../../../libkernel32.a(dchds01140.o)
 .data          0x00407024        0x0 c:/program files (x86)/codeblocks/mingw/bin/../lib/gcc/mingw32/4.8.1/../../../libkernel32.a(dchds00279.o)
 .data          0x00407024        0x0 c:/program files (x86)/codeblocks/mingw/bin/../lib/gcc/mingw32/4.8.1/../../../libkernel32.a(dchds00529.o)
 .data          0x00407024        0x0 c:/program files (x86)/codeblocks/mingw/bin/../lib/gcc/mingw32/4.8.1/../../../libkernel32.a(dchds00577.o)
 .data          0x00407024        0x0 c:/program files (x86)/codeblocks/mingw/bin/../lib/gcc/mingw32/4.8.1/../../../libkernel32.a(dchds01215.o)
 .data          0x00407024        0x0 c:/program files (x86)/codeblocks/mingw/bin/../lib/gcc/mingw32/4.8.1/../../../libkernel32.a(dchds01213.o)
 .data          0x00407024        0x0 c:/program files (x86)/codeblocks/mingw/bin/../lib/gcc/mingw32/4.8.1/../../../libkernel32.a(dchds00236.o)
 .data          0x00407024        0x0 c:/program files (x86)/codeblocks/mingw/bin/../lib/gcc/mingw32/4.8.1/../../../libkernel32.a(dchds01173.o)
 .data          0x00407024        0x0 c:/program files (x86)/codeblocks/mingw/bin/../lib/gcc/mingw32/4.8.1/../../../libkernel32.a(dchds00510.o)
 .data          0x00407024        0x0 c:/program files (x86)/codeblocks/mingw/bin/../lib/gcc/mingw32/4.8.1/../../../libkernel32.a(dchds00814.o)
 .data          0x00407024        0x0 c:/program files (x86)/codeblocks/mingw/bin/../lib/gcc/mingw32/4.8.1/../../../libkernel32.a(dchds00207.o)
 .data          0x00407024        0x0 c:/program files (x86)/codeblocks/mingw/bin/../lib/gcc/mingw32/4.8.1/../../../libkernel32.a(dchds00734.o)
 .data          0x00407024        0x0 c:/program files (x86)/codeblocks/mingw/bin/../lib/gcc/mingw32/4.8.1/../../../libkernel32.a(dchds01247.o)
 .data          0x00407024        0x0 c:/program files (x86)/codeblocks/mingw/bin/../lib/gcc/mingw32/4.8.1/../../../libkernel32.a(dchds00763.o)
 .data          0x00407024        0x0 c:/program files (x86)/codeblocks/mingw/bin/../lib/gcc/mingw32/4.8.1/../../../libkernel32.a(dchds00860.o)
 .data          0x00407024        0x0 c:/program files (x86)/codeblocks/mingw/bin/../lib/gcc/mingw32/4.8.1/../../../libkernel32.a(dchds01152.o)
 .data          0x00407024        0x0 c:/program files (x86)/codeblocks/mingw/bin/../lib/gcc/mingw32/4.8.1/../../../libkernel32.a(dchds00744.o)
 .data          0x00407024        0x0 c:/program files (x86)/codeblocks/mingw/bin/../lib/gcc/mingw32/4.8.1/../../../libkernel32.a(dchdh.o)
 .data          0x00407024        0x0 c:/program files (x86)/codeblocks/mingw/bin/../lib/gcc/mingw32/4.8.1/../../../libkernel32.a(dchdt.o)
 .data          0x00407024        0x0 c:/program files (x86)/codeblocks/mingw/bin/../lib/gcc/mingw32/4.8.1/libgcc.a(_umoddi3.o)
 .data          0x00407024        0x0 c:/program files (x86)/codeblocks/mingw/bin/../lib/gcc/mingw32/4.8.1/libgcc.a(_udivdi3.o)
 .data          0x00407024        0x0 c:/program files (x86)/codeblocks/mingw/bin/../lib/gcc/mingw32/4.8.1/libgcc.a(_chkstk_ms.o)
 .data          0x00407024        0x0 c:/program files (x86)/codeblocks/mingw/bin/../lib/gcc/mingw32/4.8.1/crtend.o
 *(.data2)
 *(SORT(.data$*))
 *(.jcr)
 .jcr           0x00407024        0x0 c:/program files (x86)/codeblocks/mingw/bin/../lib/gcc/mingw32/4.8.1/crtbegin.o
 .jcr           0x00407024        0x4 c:/program files (x86)/codeblocks/mingw/bin/../lib/gcc/mingw32/4.8.1/crtend.o
                0x00407028                __data_end__ = .
 *(.data_cygwin_nocopy)

.rdata          0x00408000      0x600
 *(.rdata)
 .rdata         0x00408000       0x24 c:/program files (x86)/codeblocks/mingw/bin/../lib/gcc/mingw32/4.8.1/crtbegin.o
 .rdata         0x00408024        0x8 main.o
 .rdata         0x0040802c        0x4 c:/program files (x86)/codeblocks/mingw/bin/../lib/gcc/mingw32/4.8.1/../../../libmingw32.a(tlssup.o)
                0x0040802c                __dyn_tls_init_callback
 .rdata         0x00408030       0xac c:/program files (x86)/codeblocks/mingw/bin/../lib/gcc/mingw32/4.8.1/../../../libmingw32.a(pseudo-reloc.o)
 .rdata         0x004080dc      0x1a0 c:/program files (x86)/codeblocks/mingw/bin/../lib/gcc/mingw32/4.8.1/../../../libmingwex.a(pformat.o)
 *fill*         0x0040827c        0x4 
 .rdata         0x00408280       0x68 c:/program files (x86)/codeblocks/mingw/bin/../lib/gcc/mingw32/4.8.1/../../../libmingwex.a(gdtoa.o)
 *fill*         0x004082e8       0x18 
 .rdata         0x00408300      0x140 c:/program files (x86)/codeblocks/mingw/bin/../lib/gcc/mingw32/4.8.1/../../../libmingwex.a(misc.o)
                0x00408300                __tens_D2A
                0x004083c0                __tinytens_D2A
                0x00408400                __bigtens_D2A
 *(SORT(.rdata$*))
 .rdata$zzz     0x00408440       0x14 c:/program files (x86)/codeblocks/mingw/bin/../lib/gcc/mingw32/4.8.1/crtbegin.o
 .rdata$zzz     0x00408454       0x14 main.o
 .rdata$zzz     0x00408468       0x14 memory.o
 .rdata$zzz     0x0040847c       0x14 c:/program files (x86)/codeblocks/mingw/bin/../lib/gcc/mingw32/4.8.1/libgcc.a(_ctors.o)
 .rdata$zzz     0x00408490       0x14 c:/program files (x86)/codeblocks/mingw/bin/../lib/gcc/mingw32/4.8.1/libgcc.a(_umoddi3.o)
 .rdata$zzz     0x004084a4       0x14 c:/program files (x86)/codeblocks/mingw/bin/../lib/gcc/mingw32/4.8.1/libgcc.a(_udivdi3.o)
 .rdata$zzz     0x004084b8       0x14 c:/program files (x86)/codeblocks/mingw/bin/../lib/gcc/mingw32/4.8.1/crtend.o
                0x004084cc                __rt_psrelocs_start = .
 *(.rdata_runtime_pseudo_reloc)
                0x004084cc                __rt_psrelocs_end = .
                0x00000000                __rt_psrelocs_size = (__rt_psrelocs_end - __rt_psrelocs_start)
                0x004084cc                ___RUNTIME_PSEUDO_RELOC_LIST_END__ = .
                0x004084cc                __RUNTIME_PSEUDO_RELOC_LIST_END__ = .
                0x004084cc                ___RUNTIME_PSEUDO_RELOC_LIST__ = (. - __rt_psrelocs_size)
                0x004084cc                __RUNTIME_PSEUDO_RELOC_LIST__ = (. - __rt_psrelocs_size)

.eh_frame       0x00409000     0x1000
 *(.eh_frame*)
 .eh_frame      0x00409000       0xb8 c:/program files (x86)/codeblocks/mingw/bin/../lib/gcc/mingw32/4.8.1/../../../crt2.o
 .eh_frame      0x004090b8       0x88 c:/program files (x86)/codeblocks/mingw/bin/../lib/gcc/mingw32/4.8.1/../../../libmingw32.a(tlssup.o)
 .eh_frame      0x00409140       0x38 c:/program files (x86)/codeblocks/mingw/bin/../lib/gcc/mingw32/4.8.1/../../../libmingw32.a(cpu_features.o)
 .eh_frame      0x00409178       0x2c c:/program files (x86)/codeblocks/mingw/bin/../lib/gcc/mingw32/4.8.1/../../../libmingw32.a(CRT_fp10.o)
 .eh_frame      0x004091a4       0x9c c:/program files (x86)/codeblocks/mingw/bin/../lib/gcc/mingw32/4.8.1/../../../libmingw32.a(pseudo-reloc.o)
 .eh_frame      0x00409240       0x68 c:/program files (x86)/codeblocks/mingw/bin/../lib/gcc/mingw32/4.8.1/../../../libmingw32.a(gccmain.o)
 .eh_frame      0x004092a8       0xf8 c:/program files (x86)/codeblocks/mingw/bin/../lib/gcc/mingw32/4.8.1/../../../libmingw32.a(tlsthrd.o)
 .eh_frame      0x004093a0       0x30 c:/program files (x86)/codeblocks/mingw/bin/../lib/gcc/mingw32/4.8.1/../../../libmingwex.a(vprintf.o)
 .eh_frame      0x004093d0      0x318 c:/program files (x86)/codeblocks/mingw/bin/../lib/gcc/mingw32/4.8.1/../../../libmingwex.a(pformat.o)
 .eh_frame      0x004096e8       0x9c c:/program files (x86)/codeblocks/mingw/bin/../lib/gcc/mingw32/4.8.1/../../../libmingwex.a(gdtoa.o)
 .eh_frame      0x00409784       0xd0 c:/program files (x86)/codeblocks/mingw/bin/../lib/gcc/mingw32/4.8.1/../../../libmingwex.a(wcrtomb.o)
 .eh_frame      0x00409854      0x14c c:/program files (x86)/codeblocks/mingw/bin/../lib/gcc/mingw32/4.8.1/../../../libmingwex.a(mbrtowc.o)
 .eh_frame      0x004099a0       0xb8 c:/program files (x86)/codeblocks/mingw/bin/../lib/gcc/mingw32/4.8.1/../../../libmingwex.a(dmisc.o)
 .eh_frame      0x00409a58      0x328 c:/program files (x86)/codeblocks/mingw/bin/../lib/gcc/mingw32/4.8.1/../../../libmingwex.a(misc.o)
 .eh_frame      0x00409d80       0x98 c:/program files (x86)/codeblocks/mingw/bin/../lib/gcc/mingw32/4.8.1/../../../libmingwex.a(gmisc.o)

.pdata
 *(.pdata)

.bss            0x0040a000      0xa1c
                0x0040a000                __bss_start__ = .
 *(.bss)
 .bss           0x0040a000        0x8 c:/program files (x86)/codeblocks/mingw/bin/../lib/gcc/mingw32/4.8.1/../../../crt2.o
                0x0040a000                _argv
                0x0040a004                _argc
 .bss           0x0040a008        0x0 c:/program files (x86)/codeblocks/mingw/bin/../lib/gcc/mingw32/4.8.1/crtbegin.o
 .bss           0x0040a008        0x0 main.o
 .bss           0x0040a008        0x0 memory.o
 .bss           0x0040a008       0x10 c:/program files (x86)/codeblocks/mingw/bin/../lib/gcc/mingw32/4.8.1/../../../libmingw32.a(tlssup.o)
                0x0040a008                mingw_initltssuo_force
                0x0040a00c                mingw_initltsdyn_force
                0x0040a010                mingw_initltsdrot_force
                0x0040a014                _tls_index
 .bss           0x0040a018        0x0 c:/program files (x86)/codeblocks/mingw/bin/../lib/gcc/mingw32/4.8.1/../../../libmingw32.a(CRTglob.o)
 .bss           0x0040a018        0x4 c:/program files (x86)/codeblocks/mingw/bin/../lib/gcc/mingw32/4.8.1/../../../libmingw32.a(CRTfmode.o)
                0x0040a018                _CRT_fmode
 .bss           0x0040a01c        0x0 c:/program files (x86)/codeblocks/mingw/bin/../lib/gcc/mingw32/4.8.1/../../../libmingw32.a(txtmode.o)
 .bss           0x0040a01c        0x4 c:/program files (x86)/codeblocks/mingw/bin/../lib/gcc/mingw32/4.8.1/../../../libmingw32.a(cpu_features.o)
                0x0040a01c                __cpu_features
 .bss           0x0040a020        0x0 c:/program files (x86)/codeblocks/mingw/bin/../lib/gcc/mingw32/4.8.1/../../../libmingw32.a(CRT_fp10.o)
 .bss           0x0040a020        0x4 c:/program files (x86)/codeblocks/mingw/bin/../lib/gcc/mingw32/4.8.1/../../../libmingw32.a(pseudo-reloc.o)
 .bss           0x0040a024        0x4 c:/program files (x86)/codeblocks/mingw/bin/../lib/gcc/mingw32/4.8.1/../../../libmingw32.a(gccmain.o)
 .bss           0x0040a028        0x4 c:/program files (x86)/codeblocks/mingw/bin/../lib/gcc/mingw32/4.8.1/../../../libmingw32.a(crtst.o)
                0x0040a028                _CRT_MT
 .bss           0x0040a02c       0x20 c:/program files (x86)/codeblocks/mingw/bin/../lib/gcc/mingw32/4.8.1/../../../libmingw32.a(tlsthrd.o)
 .bss           0x0040a04c        0x4 c:/program files (x86)/codeblocks/mingw/bin/../lib/gcc/mingw32/4.8.1/../../../libmingw32.a(pseudo-reloc-list.o)
 .bss           0x0040a050        0x0 c:/program files (x86)/codeblocks/mingw/bin/../lib/gcc/mingw32/4.8.1/libgcc.a(_ctors.o)
 .bss           0x0040a050        0x0 c:/program files (x86)/codeblocks/mingw/bin/../lib/gcc/mingw32/4.8.1/../../../libmingwex.a(vprintf.o)
 .bss           0x0040a050        0x0 c:/program files (x86)/codeblocks/mingw/bin/../lib/gcc/mingw32/4.8.1/../../../libmingwex.a(pformat.o)
 .bss           0x0040a050        0x0 c:/program files (x86)/codeblocks/mingw/bin/../lib/gcc/mingw32/4.8.1/../../../libmingwex.a(gdtoa.o)
 .bss           0x0040a050        0x0 c:/program files (x86)/codeblocks/mingw/bin/../lib/gcc/mingw32/4.8.1/../../../libmingwex.a(wcrtomb.o)
 .bss           0x0040a050        0xc c:/program files (x86)/codeblocks/mingw/bin/../lib/gcc/mingw32/4.8.1/../../../libmingwex.a(mbrtowc.o)
 .bss           0x0040a05c        0x0 c:/program files (x86)/codeblocks/mingw/bin/../lib/gcc/mingw32/4.8.1/../../../libmingwex.a(dmisc.o)
 *fill*         0x0040a05c        0x4 
 .bss           0x0040a060      0x9a0 c:/program files (x86)/codeblocks/mingw/bin/../lib/gcc/mingw32/4.8.1/../../../libmingwex.a(misc.o)
 .bss           0x0040aa00        0x0 c:/program files (x86)/codeblocks/mingw/bin/../lib/gcc/mingw32/4.8.1/../../../libmingwex.a(gmisc.o)
 .bss           0x0040aa00        0x0 c:/program files (x86)/codeblocks/mingw/bin/../lib/gcc/mingw32/4.8.1/../../../libmsvcrt.a(dsnos00266.o)
 .bss           0x0040aa00        0x0 c:/program files (x86)/codeblocks/mingw/bin/../lib/gcc/mingw32/4.8.1/../../../libmsvcrt.a(dsnos00099.o)
 .bss           0x0040aa00        0x0 c:/program files (x86)/codeblocks/mingw/bin/../lib/gcc/mingw32/4.8.1/../../../libmsvcrt.a(dsnos00590.o)
 .bss           0x0040aa00        0x0 c:/program files (x86)/codeblocks/mingw/bin/../lib/gcc/mingw32/4.8.1/../../../libmsvcrt.a(dsnos00383.o)
 .bss           0x0040aa00        0x0 c:/program files (x86)/codeblocks/mingw/bin/../lib/gcc/mingw32/4.8.1/../../../libmsvcrt.a(dsnos00055.o)
 .bss           0x0040aa00        0x0 c:/program files (x86)/codeblocks/mingw/bin/../lib/gcc/mingw32/4.8.1/../../../libmsvcrt.a(dsnos00426.o)
 .bss           0x0040aa00        0x0 c:/program files (x86)/codeblocks/mingw/bin/../lib/gcc/mingw32/4.8.1/../../../libmsvcrt.a(dsnos00079.o)
 .bss           0x0040aa00        0x0 c:/program files (x86)/codeblocks/mingw/bin/../lib/gcc/mingw32/4.8.1/../../../libmsvcrt.a(dsnos00077.o)
 .bss           0x0040aa00        0x0 c:/program files (x86)/codeblocks/mingw/bin/../lib/gcc/mingw32/4.8.1/../../../libmsvcrt.a(dsnos00147.o)
 .bss           0x0040aa00        0x0 c:/program files (x86)/codeblocks/mingw/bin/../lib/gcc/mingw32/4.8.1/../../../libmsvcrt.a(dsnos00706.o)
 .bss           0x0040aa00        0x0 c:/program files (x86)/codeblocks/mingw/bin/../lib/gcc/mingw32/4.8.1/../../../libmsvcrt.a(dsnos00633.o)
 .bss           0x0040aa00        0x0 c:/program files (x86)/codeblocks/mingw/bin/../lib/gcc/mingw32/4.8.1/../../../libmsvcrt.a(dsnos00748.o)
 .bss           0x0040aa00        0x0 c:/program files (x86)/codeblocks/mingw/bin/../lib/gcc/mingw32/4.8.1/../../../libmsvcrt.a(dsnos00583.o)
 .bss           0x0040aa00        0x0 c:/program files (x86)/codeblocks/mingw/bin/../lib/gcc/mingw32/4.8.1/../../../libmsvcrt.a(dsnos00682.o)
 .bss           0x0040aa00        0x0 c:/program files (x86)/codeblocks/mingw/bin/../lib/gcc/mingw32/4.8.1/../../../libmsvcrt.a(dsnos00595.o)
 .bss           0x0040aa00        0x0 c:/program files (x86)/codeblocks/mingw/bin/../lib/gcc/mingw32/4.8.1/../../../libmsvcrt.a(dsnos00625.o)
 .bss           0x0040aa00        0x0 c:/program files (x86)/codeblocks/mingw/bin/../lib/gcc/mingw32/4.8.1/../../../libmsvcrt.a(dsnos00620.o)
 .bss           0x0040aa00        0x0 c:/program files (x86)/codeblocks/mingw/bin/../lib/gcc/mingw32/4.8.1/../../../libmsvcrt.a(dsnos00671.o)
 .bss           0x0040aa00        0x0 c:/program files (x86)/codeblocks/mingw/bin/../lib/gcc/mingw32/4.8.1/../../../libmsvcrt.a(dsnos00721.o)
 .bss           0x0040aa00        0x0 c:/program files (x86)/codeblocks/mingw/bin/../lib/gcc/mingw32/4.8.1/../../../libmsvcrt.a(dsnos00637.o)
 .bss           0x0040aa00        0x0 c:/program files (x86)/codeblocks/mingw/bin/../lib/gcc/mingw32/4.8.1/../../../libmsvcrt.a(ofmt_stub.o)
 .bss           0x0040aa00        0x0 c:/program files (x86)/codeblocks/mingw/bin/../lib/gcc/mingw32/4.8.1/../../../libmsvcrt.a(dsnos00761.o)
 .bss           0x0040aa00        0x0 c:/program files (x86)/codeblocks/mingw/bin/../lib/gcc/mingw32/4.8.1/../../../libmsvcrt.a(dsnos00065.o)
 .bss           0x0040aa00        0x0 c:/program files (x86)/codeblocks/mingw/bin/../lib/gcc/mingw32/4.8.1/../../../libmsvcrt.a(dsnos00182.o)
 .bss           0x0040aa00        0x0 c:/program files (x86)/codeblocks/mingw/bin/../lib/gcc/mingw32/4.8.1/../../../libmsvcrt.a(dsnos00704.o)
 .bss           0x0040aa00        0x0 c:/program files (x86)/codeblocks/mingw/bin/../lib/gcc/mingw32/4.8.1/../../../libmsvcrt.a(dsnos00714.o)
 .bss           0x0040aa00        0x0 c:/program files (x86)/codeblocks/mingw/bin/../lib/gcc/mingw32/4.8.1/../../../libmsvcrt.a(dsnos00592.o)
 .bss           0x0040aa00        0x0 c:/program files (x86)/codeblocks/mingw/bin/../lib/gcc/mingw32/4.8.1/../../../libmsvcrt.a(dsnos00676.o)
 .bss           0x0040aa00        0x0 c:/program files (x86)/codeblocks/mingw/bin/../lib/gcc/mingw32/4.8.1/../../../libmsvcrt.a(dsnoh.o)
 .bss           0x0040aa00        0x0 c:/program files (x86)/codeblocks/mingw/bin/../lib/gcc/mingw32/4.8.1/../../../libmsvcrt.a(dsnot.o)
 .bss           0x0040aa00        0x0 c:/program files (x86)/codeblocks/mingw/bin/../lib/gcc/mingw32/4.8.1/../../../libkernel32.a(dchds01140.o)
 .bss           0x0040aa00        0x0 c:/program files (x86)/codeblocks/mingw/bin/../lib/gcc/mingw32/4.8.1/../../../libkernel32.a(dchds00279.o)
 .bss           0x0040aa00        0x0 c:/program files (x86)/codeblocks/mingw/bin/../lib/gcc/mingw32/4.8.1/../../../libkernel32.a(dchds00529.o)
 .bss           0x0040aa00        0x0 c:/program files (x86)/codeblocks/mingw/bin/../lib/gcc/mingw32/4.8.1/../../../libkernel32.a(dchds00577.o)
 .bss           0x0040aa00        0x0 c:/program files (x86)/codeblocks/mingw/bin/../lib/gcc/mingw32/4.8.1/../../../libkernel32.a(dchds01215.o)
 .bss           0x0040aa00        0x0 c:/program files (x86)/codeblocks/mingw/bin/../lib/gcc/mingw32/4.8.1/../../../libkernel32.a(dchds01213.o)
 .bss           0x0040aa00        0x0 c:/program files (x86)/codeblocks/mingw/bin/../lib/gcc/mingw32/4.8.1/../../../libkernel32.a(dchds00236.o)
 .bss           0x0040aa00        0x0 c:/program files (x86)/codeblocks/mingw/bin/../lib/gcc/mingw32/4.8.1/../../../libkernel32.a(dchds01173.o)
 .bss           0x0040aa00        0x0 c:/program files (x86)/codeblocks/mingw/bin/../lib/gcc/mingw32/4.8.1/../../../libkernel32.a(dchds00510.o)
 .bss           0x0040aa00        0x0 c:/program files (x86)/codeblocks/mingw/bin/../lib/gcc/mingw32/4.8.1/../../../libkernel32.a(dchds00814.o)
 .bss           0x0040aa00        0x0 c:/program files (x86)/codeblocks/mingw/bin/../lib/gcc/mingw32/4.8.1/../../../libkernel32.a(dchds00207.o)
 .bss           0x0040aa00        0x0 c:/program files (x86)/codeblocks/mingw/bin/../lib/gcc/mingw32/4.8.1/../../../libkernel32.a(dchds00734.o)
 .bss           0x0040aa00        0x0 c:/program files (x86)/codeblocks/mingw/bin/../lib/gcc/mingw32/4.8.1/../../../libkernel32.a(dchds01247.o)
 .bss           0x0040aa00        0x0 c:/program files (x86)/codeblocks/mingw/bin/../lib/gcc/mingw32/4.8.1/../../../libkernel32.a(dchds00763.o)
 .bss           0x0040aa00        0x0 c:/program files (x86)/codeblocks/mingw/bin/../lib/gcc/mingw32/4.8.1/../../../libkernel32.a(dchds00860.o)
 .bss           0x0040aa00        0x0 c:/program files (x86)/codeblocks/mingw/bin/../lib/gcc/mingw32/4.8.1/../../../libkernel32.a(dchds01152.o)
 .bss           0x0040aa00        0x0 c:/program files (x86)/codeblocks/mingw/bin/../lib/gcc/mingw32/4.8.1/../../../libkernel32.a(dchds00744.o)
 .bss           0x0040aa00        0x0 c:/program files (x86)/codeblocks/mingw/bin/../lib/gcc/mingw32/4.8.1/../../../libkernel32.a(dchdh.o)
 .bss           0x0040aa00        0x0 c:/program files (x86)/codeblocks/mingw/bin/../lib/gcc/mingw32/4.8.1/../../../libkernel32.a(dchdt.o)
 .bss           0x0040aa00        0x0 c:/program files (x86)/codeblocks/mingw/bin/../lib/gcc/mingw32/4.8.1/libgcc.a(_umoddi3.o)
 .bss           0x0040aa00        0x0 c:/program files (x86)/codeblocks/mingw/bin/../lib/gcc/mingw32/4.8.1/libgcc.a(_udivdi3.o)
 .bss           0x0040aa00        0x0 c:/program files (x86)/codeblocks/mingw/bin/../lib/gcc/mingw32/4.8.1/libgcc.a(_chkstk_ms.o)
 .bss           0x0040aa00        0x0 c:/program files (x86)/codeblocks/mingw/bin/../lib/gcc/mingw32/4.8.1/crtend.o
 *(COMMON)
 COMMON         0x0040aa00        0xa main.o
                0x0040aa00                buffer
 *fill*         0x0040aa0a        0x2 
 COMMON         0x0040aa0c       0x10 c:/program files (x86)/codeblocks/mingw/bin/../lib/gcc/mingw32/4.8.1/libgcc.a(_ctors.o)
                0x0040aa1c                __bss_end__ = .

.edata
 *(.edata)

/DISCARD/
 *(.debug$S)
 *(.debug$T)
 *(.debug$F)
 *(.drectve)
 *(.note.GNU-stack)
 *(.gnu.lto_*)

.idata          0x0040b000      0x600
 SORT(*)(.idata$2)
 .idata$2       0x0040b000       0x14 c:/program files (x86)/codeblocks/mingw/bin/../lib/gcc/mingw32/4.8.1/../../../libkernel32.a(dchdh.o)
                0x0040b000                _head_libkernel32_a
 .idata$2       0x0040b014       0x14 c:/program files (x86)/codeblocks/mingw/bin/../lib/gcc/mingw32/4.8.1/../../../libmsvcrt.a(dsnoh.o)
                0x0040b014                _head_libmsvcrt_a
 SORT(*)(.idata$3)
                0x0040b028        0x4 LONG 0x0
                0x0040b02c        0x4 LONG 0x0
                0x0040b030        0x4 LONG 0x0
                0x0040b034        0x4 LONG 0x0
                0x0040b038        0x4 LONG 0x0
 SORT(*)(.idata$4)
 .idata$4       0x0040b03c        0x0 c:/program files (x86)/codeblocks/mingw/bin/../lib/gcc/mingw32/4.8.1/../../../libkernel32.a(dchdh.o)
 .idata$4       0x0040b03c        0x4 c:/program files (x86)/codeblocks/mingw/bin/../lib/gcc/mingw32/4.8.1/../../../libkernel32.a(dchds00207.o)
 .idata$4       0x0040b040        0x4 c:/program files (x86)/codeblocks/mingw/bin/../lib/gcc/mingw32/4.8.1/../../../libkernel32.a(dchds00236.o)
 .idata$4       0x0040b044        0x4 c:/program files (x86)/codeblocks/mingw/bin/../lib/gcc/mingw32/4.8.1/../../../libkernel32.a(dchds00279.o)
 .idata$4       0x0040b048        0x4 c:/program files (x86)/codeblocks/mingw/bin/../lib/gcc/mingw32/4.8.1/../../../libkernel32.a(dchds00510.o)
 .idata$4       0x0040b04c        0x4 c:/program files (x86)/codeblocks/mingw/bin/../lib/gcc/mingw32/4.8.1/../../../libkernel32.a(dchds00529.o)
 .idata$4       0x0040b050        0x4 c:/program files (x86)/codeblocks/mingw/bin/../lib/gcc/mingw32/4.8.1/../../../libkernel32.a(dchds00577.o)
 .idata$4       0x0040b054        0x4 c:/program files (x86)/codeblocks/mingw/bin/../lib/gcc/mingw32/4.8.1/../../../libkernel32.a(dchds00734.o)
 .idata$4       0x0040b058        0x4 c:/program files (x86)/codeblocks/mingw/bin/../lib/gcc/mingw32/4.8.1/../../../libkernel32.a(dchds00744.o)
 .idata$4       0x0040b05c        0x4 c:/program files (x86)/codeblocks/mingw/bin/../lib/gcc/mingw32/4.8.1/../../../libkernel32.a(dchds00763.o)
 .idata$4       0x0040b060        0x4 c:/program files (x86)/codeblocks/mingw/bin/../lib/gcc/mingw32/4.8.1/../../../libkernel32.a(dchds00814.o)
 .idata$4       0x0040b064        0x4 c:/program files (x86)/codeblocks/mingw/bin/../lib/gcc/mingw32/4.8.1/../../../libkernel32.a(dchds00860.o)
 .idata$4       0x0040b068        0x4 c:/program files (x86)/codeblocks/mingw/bin/../lib/gcc/mingw32/4.8.1/../../../libkernel32.a(dchds01140.o)
 .idata$4       0x0040b06c        0x4 c:/program files (x86)/codeblocks/mingw/bin/../lib/gcc/mingw32/4.8.1/../../../libkernel32.a(dchds01152.o)
 .idata$4       0x0040b070        0x4 c:/program files (x86)/codeblocks/mingw/bin/../lib/gcc/mingw32/4.8.1/../../../libkernel32.a(dchds01173.o)
 .idata$4       0x0040b074        0x4 c:/program files (x86)/codeblocks/mingw/bin/../lib/gcc/mingw32/4.8.1/../../../libkernel32.a(dchds01213.o)
 .idata$4       0x0040b078        0x4 c:/program files (x86)/codeblocks/mingw/bin/../lib/gcc/mingw32/4.8.1/../../../libkernel32.a(dchds01215.o)
 .idata$4       0x0040b07c        0x4 c:/program files (x86)/codeblocks/mingw/bin/../lib/gcc/mingw32/4.8.1/../../../libkernel32.a(dchds01247.o)
 .idata$4       0x0040b080        0x4 c:/program files (x86)/codeblocks/mingw/bin/../lib/gcc/mingw32/4.8.1/../../../libkernel32.a(dchdt.o)
 .idata$4       0x0040b084        0x0 c:/program files (x86)/codeblocks/mingw/bin/../lib/gcc/mingw32/4.8.1/../../../libmsvcrt.a(dsnoh.o)
 .idata$4       0x0040b084        0x4 c:/program files (x86)/codeblocks/mingw/bin/../lib/gcc/mingw32/4.8.1/../../../libmsvcrt.a(dsnos00055.o)
 .idata$4       0x0040b088        0x4 c:/program files (x86)/codeblocks/mingw/bin/../lib/gcc/mingw32/4.8.1/../../../libmsvcrt.a(dsnos00065.o)
 .idata$4       0x0040b08c        0x4 c:/program files (x86)/codeblocks/mingw/bin/../lib/gcc/mingw32/4.8.1/../../../libmsvcrt.a(dsnos00077.o)
 .idata$4       0x0040b090        0x4 c:/program files (x86)/codeblocks/mingw/bin/../lib/gcc/mingw32/4.8.1/../../../libmsvcrt.a(dsnos00079.o)
 .idata$4       0x0040b094        0x4 c:/program files (x86)/codeblocks/mingw/bin/../lib/gcc/mingw32/4.8.1/../../../libmsvcrt.a(dsnos00099.o)
 .idata$4       0x0040b098        0x4 c:/program files (x86)/codeblocks/mingw/bin/../lib/gcc/mingw32/4.8.1/../../../libmsvcrt.a(dsnos00147.o)
 .idata$4       0x0040b09c        0x4 c:/program files (x86)/codeblocks/mingw/bin/../lib/gcc/mingw32/4.8.1/../../../libmsvcrt.a(dsnos00182.o)
 .idata$4       0x0040b0a0        0x4 c:/program files (x86)/codeblocks/mingw/bin/../lib/gcc/mingw32/4.8.1/../../../libmsvcrt.a(dsnos00266.o)
 .idata$4       0x0040b0a4        0x4 c:/program files (x86)/codeblocks/mingw/bin/../lib/gcc/mingw32/4.8.1/../../../libmsvcrt.a(dsnos00383.o)
 .idata$4       0x0040b0a8        0x4 c:/program files (x86)/codeblocks/mingw/bin/../lib/gcc/mingw32/4.8.1/../../../libmsvcrt.a(dsnos00426.o)
 .idata$4       0x0040b0ac        0x4 c:/program files (x86)/codeblocks/mingw/bin/../lib/gcc/mingw32/4.8.1/../../../libmsvcrt.a(dsnos00583.o)
 .idata$4       0x0040b0b0        0x4 c:/program files (x86)/codeblocks/mingw/bin/../lib/gcc/mingw32/4.8.1/../../../libmsvcrt.a(dsnos00590.o)
 .idata$4       0x0040b0b4        0x4 c:/program files (x86)/codeblocks/mingw/bin/../lib/gcc/mingw32/4.8.1/../../../libmsvcrt.a(dsnos00592.o)
 .idata$4       0x0040b0b8        0x4 c:/program files (x86)/codeblocks/mingw/bin/../lib/gcc/mingw32/4.8.1/../../../libmsvcrt.a(dsnos00595.o)
 .idata$4       0x0040b0bc        0x4 c:/program files (x86)/codeblocks/mingw/bin/../lib/gcc/mingw32/4.8.1/../../../libmsvcrt.a(dsnos00620.o)
 .idata$4       0x0040b0c0        0x4 c:/program files (x86)/codeblocks/mingw/bin/../lib/gcc/mingw32/4.8.1/../../../libmsvcrt.a(dsnos00625.o)
 .idata$4       0x0040b0c4        0x4 c:/program files (x86)/codeblocks/mingw/bin/../lib/gcc/mingw32/4.8.1/../../../libmsvcrt.a(dsnos00633.o)
 .idata$4       0x0040b0c8        0x4 c:/program files (x86)/codeblocks/mingw/bin/../lib/gcc/mingw32/4.8.1/../../../libmsvcrt.a(dsnos00637.o)
 .idata$4       0x0040b0cc        0x4 c:/program files (x86)/codeblocks/mingw/bin/../lib/gcc/mingw32/4.8.1/../../../libmsvcrt.a(dsnos00671.o)
 .idata$4       0x0040b0d0        0x4 c:/program files (x86)/codeblocks/mingw/bin/../lib/gcc/mingw32/4.8.1/../../../libmsvcrt.a(dsnos00676.o)
 .idata$4       0x0040b0d4        0x4 c:/program files (x86)/codeblocks/mingw/bin/../lib/gcc/mingw32/4.8.1/../../../libmsvcrt.a(dsnos00682.o)
 .idata$4       0x0040b0d8        0x4 c:/program files (x86)/codeblocks/mingw/bin/../lib/gcc/mingw32/4.8.1/../../../libmsvcrt.a(dsnos00704.o)
 .idata$4       0x0040b0dc        0x4 c:/program files (x86)/codeblocks/mingw/bin/../lib/gcc/mingw32/4.8.1/../../../libmsvcrt.a(dsnos00706.o)
 .idata$4       0x0040b0e0        0x4 c:/program files (x86)/codeblocks/mingw/bin/../lib/gcc/mingw32/4.8.1/../../../libmsvcrt.a(dsnos00714.o)
 .idata$4       0x0040b0e4        0x4 c:/program files (x86)/codeblocks/mingw/bin/../lib/gcc/mingw32/4.8.1/../../../libmsvcrt.a(dsnos00721.o)
 .idata$4       0x0040b0e8        0x4 c:/program files (x86)/codeblocks/mingw/bin/../lib/gcc/mingw32/4.8.1/../../../libmsvcrt.a(dsnos00748.o)
 .idata$4       0x0040b0ec        0x4 c:/program files (x86)/codeblocks/mingw/bin/../lib/gcc/mingw32/4.8.1/../../../libmsvcrt.a(dsnos00761.o)
 .idata$4       0x0040b0f0        0x4 c:/program files (x86)/codeblocks/mingw/bin/../lib/gcc/mingw32/4.8.1/../../../libmsvcrt.a(dsnot.o)
                0x0040b0f4                __IAT_start__ = .
 SORT(*)(.idata$5)
 .idata$5       0x0040b0f4        0x0 c:/program files (x86)/codeblocks/mingw/bin/../lib/gcc/mingw32/4.8.1/../../../libkernel32.a(dchdh.o)
 .idata$5       0x0040b0f4        0x4 c:/program files (x86)/codeblocks/mingw/bin/../lib/gcc/mingw32/4.8.1/../../../libkernel32.a(dchds00207.o)
                0x0040b0f4                _imp__DeleteCriticalSection@4
 .idata$5       0x0040b0f8        0x4 c:/program files (x86)/codeblocks/mingw/bin/../lib/gcc/mingw32/4.8.1/../../../libkernel32.a(dchds00236.o)
                0x0040b0f8                _imp__EnterCriticalSection@4
 .idata$5       0x0040b0fc        0x4 c:/program files (x86)/codeblocks/mingw/bin/../lib/gcc/mingw32/4.8.1/../../../libkernel32.a(dchds00279.o)
                0x0040b0fc                _imp__ExitProcess@4
 .idata$5       0x0040b100        0x4 c:/program files (x86)/codeblocks/mingw/bin/../lib/gcc/mingw32/4.8.1/../../../libkernel32.a(dchds00510.o)
                0x0040b100                _imp__GetLastError@0
 .idata$5       0x0040b104        0x4 c:/program files (x86)/codeblocks/mingw/bin/../lib/gcc/mingw32/4.8.1/../../../libkernel32.a(dchds00529.o)
                0x0040b104                _imp__GetModuleHandleA@4
 .idata$5       0x0040b108        0x4 c:/program files (x86)/codeblocks/mingw/bin/../lib/gcc/mingw32/4.8.1/../../../libkernel32.a(dchds00577.o)
                0x0040b108                _imp__GetProcAddress@8
 .idata$5       0x0040b10c        0x4 c:/program files (x86)/codeblocks/mingw/bin/../lib/gcc/mingw32/4.8.1/../../../libkernel32.a(dchds00734.o)
                0x0040b10c                _imp__InitializeCriticalSection@4
 .idata$5       0x0040b110        0x4 c:/program files (x86)/codeblocks/mingw/bin/../lib/gcc/mingw32/4.8.1/../../../libkernel32.a(dchds00744.o)
                0x0040b110                _imp__InterlockedExchange@8
 .idata$5       0x0040b114        0x4 c:/program files (x86)/codeblocks/mingw/bin/../lib/gcc/mingw32/4.8.1/../../../libkernel32.a(dchds00763.o)
                0x0040b114                _imp__IsDBCSLeadByteEx@8
 .idata$5       0x0040b118        0x4 c:/program files (x86)/codeblocks/mingw/bin/../lib/gcc/mingw32/4.8.1/../../../libkernel32.a(dchds00814.o)
                0x0040b118                _imp__LeaveCriticalSection@4
 .idata$5       0x0040b11c        0x4 c:/program files (x86)/codeblocks/mingw/bin/../lib/gcc/mingw32/4.8.1/../../../libkernel32.a(dchds00860.o)
                0x0040b11c                _imp__MultiByteToWideChar@24
 .idata$5       0x0040b120        0x4 c:/program files (x86)/codeblocks/mingw/bin/../lib/gcc/mingw32/4.8.1/../../../libkernel32.a(dchds01140.o)
                0x0040b120                _imp__SetUnhandledExceptionFilter@4
 .idata$5       0x0040b124        0x4 c:/program files (x86)/codeblocks/mingw/bin/../lib/gcc/mingw32/4.8.1/../../../libkernel32.a(dchds01152.o)
                0x0040b124                _imp__Sleep@4
 .idata$5       0x0040b128        0x4 c:/program files (x86)/codeblocks/mingw/bin/../lib/gcc/mingw32/4.8.1/../../../libkernel32.a(dchds01173.o)
                0x0040b128                _imp__TlsGetValue@4
 .idata$5       0x0040b12c        0x4 c:/program files (x86)/codeblocks/mingw/bin/../lib/gcc/mingw32/4.8.1/../../../libkernel32.a(dchds01213.o)
                0x0040b12c                _imp__VirtualProtect@16
 .idata$5       0x0040b130        0x4 c:/program files (x86)/codeblocks/mingw/bin/../lib/gcc/mingw32/4.8.1/../../../libkernel32.a(dchds01215.o)
                0x0040b130                _imp__VirtualQuery@12
 .idata$5       0x0040b134        0x4 c:/program files (x86)/codeblocks/mingw/bin/../lib/gcc/mingw32/4.8.1/../../../libkernel32.a(dchds01247.o)
                0x0040b134                _imp__WideCharToMultiByte@32
 .idata$5       0x0040b138        0x4 c:/program files (x86)/codeblocks/mingw/bin/../lib/gcc/mingw32/4.8.1/../../../libkernel32.a(dchdt.o)
 .idata$5       0x0040b13c        0x0 c:/program files (x86)/codeblocks/mingw/bin/../lib/gcc/mingw32/4.8.1/../../../libmsvcrt.a(dsnoh.o)
 .idata$5       0x0040b13c        0x4 c:/program files (x86)/codeblocks/mingw/bin/../lib/gcc/mingw32/4.8.1/../../../libmsvcrt.a(dsnos00055.o)
                0x0040b13c                _imp____getmainargs
 .idata$5       0x0040b140        0x4 c:/program files (x86)/codeblocks/mingw/bin/../lib/gcc/mingw32/4.8.1/../../../libmsvcrt.a(dsnos00065.o)
                0x0040b140                _imp____mb_cur_max
 .idata$5       0x0040b144        0x4 c:/program files (x86)/codeblocks/mingw/bin/../lib/gcc/mingw32/4.8.1/../../../libmsvcrt.a(dsnos00077.o)
                0x0040b144                _imp____p__environ
 .idata$5       0x0040b148        0x4 c:/program files (x86)/codeblocks/mingw/bin/../lib/gcc/mingw32/4.8.1/../../../libmsvcrt.a(dsnos00079.o)
                0x0040b148                _imp____p__fmode
 .idata$5       0x0040b14c        0x4 c:/program files (x86)/codeblocks/mingw/bin/../lib/gcc/mingw32/4.8.1/../../../libmsvcrt.a(dsnos00099.o)
                0x0040b14c                _imp____set_app_type
 .idata$5       0x0040b150        0x4 c:/program files (x86)/codeblocks/mingw/bin/../lib/gcc/mingw32/4.8.1/../../../libmsvcrt.a(dsnos00147.o)
                0x0040b150                _imp___cexit
 .idata$5       0x0040b154        0x4 c:/program files (x86)/codeblocks/mingw/bin/../lib/gcc/mingw32/4.8.1/../../../libmsvcrt.a(dsnos00182.o)
                0x0040b154                _imp___errno
 .idata$5       0x0040b158        0x4 c:/program files (x86)/codeblocks/mingw/bin/../lib/gcc/mingw32/4.8.1/../../../libmsvcrt.a(dsnos00266.o)
                0x0040b158                _imp___iob
 .idata$5       0x0040b15c        0x4 c:/program files (x86)/codeblocks/mingw/bin/../lib/gcc/mingw32/4.8.1/../../../libmsvcrt.a(dsnos00383.o)
                0x0040b15c                _imp___onexit
 .idata$5       0x0040b160        0x4 c:/program files (x86)/codeblocks/mingw/bin/../lib/gcc/mingw32/4.8.1/../../../libmsvcrt.a(dsnos00426.o)
                0x0040b160                _imp___setmode
 .idata$5       0x0040b164        0x4 c:/program files (x86)/codeblocks/mingw/bin/../lib/gcc/mingw32/4.8.1/../../../libmsvcrt.a(dsnos00583.o)
                0x0040b164                _imp__abort
 .idata$5       0x0040b168        0x4 c:/program files (x86)/codeblocks/mingw/bin/../lib/gcc/mingw32/4.8.1/../../../libmsvcrt.a(dsnos00590.o)
                0x0040b168                _imp__atexit
 .idata$5       0x0040b16c        0x4 c:/program files (x86)/codeblocks/mingw/bin/../lib/gcc/mingw32/4.8.1/../../../libmsvcrt.a(dsnos00592.o)
                0x0040b16c                _imp__atoi
 .idata$5       0x0040b170        0x4 c:/program files (x86)/codeblocks/mingw/bin/../lib/gcc/mingw32/4.8.1/../../../libmsvcrt.a(dsnos00595.o)
                0x0040b170                _imp__calloc
 .idata$5       0x0040b174        0x4 c:/program files (x86)/codeblocks/mingw/bin/../lib/gcc/mingw32/4.8.1/../../../libmsvcrt.a(dsnos00620.o)
                0x0040b174                _imp__fputc
 .idata$5       0x0040b178        0x4 c:/program files (x86)/codeblocks/mingw/bin/../lib/gcc/mingw32/4.8.1/../../../libmsvcrt.a(dsnos00625.o)
                0x0040b178                _imp__free
 .idata$5       0x0040b17c        0x4 c:/program files (x86)/codeblocks/mingw/bin/../lib/gcc/mingw32/4.8.1/../../../libmsvcrt.a(dsnos00633.o)
                0x0040b17c                _imp__fwrite
 .idata$5       0x0040b180        0x4 c:/program files (x86)/codeblocks/mingw/bin/../lib/gcc/mingw32/4.8.1/../../../libmsvcrt.a(dsnos00637.o)
                0x0040b180                _imp__getenv
 .idata$5       0x0040b184        0x4 c:/program files (x86)/codeblocks/mingw/bin/../lib/gcc/mingw32/4.8.1/../../../libmsvcrt.a(dsnos00671.o)
                0x0040b184                _imp__localeconv
 .idata$5       0x0040b188        0x4 c:/program files (x86)/codeblocks/mingw/bin/../lib/gcc/mingw32/4.8.1/../../../libmsvcrt.a(dsnos00676.o)
                0x0040b188                _imp__malloc
 .idata$5       0x0040b18c        0x4 c:/program files (x86)/codeblocks/mingw/bin/../lib/gcc/mingw32/4.8.1/../../../libmsvcrt.a(dsnos00682.o)
                0x0040b18c                _imp__memcpy
 .idata$5       0x0040b190        0x4 c:/program files (x86)/codeblocks/mingw/bin/../lib/gcc/mingw32/4.8.1/../../../libmsvcrt.a(dsnos00704.o)
                0x0040b190                _imp__setlocale
 .idata$5       0x0040b194        0x4 c:/program files (x86)/codeblocks/mingw/bin/../lib/gcc/mingw32/4.8.1/../../../libmsvcrt.a(dsnos00706.o)
                0x0040b194                _imp__signal
 .idata$5       0x0040b198        0x4 c:/program files (x86)/codeblocks/mingw/bin/../lib/gcc/mingw32/4.8.1/../../../libmsvcrt.a(dsnos00714.o)
                0x0040b198                _imp__strchr
 .idata$5       0x0040b19c        0x4 c:/program files (x86)/codeblocks/mingw/bin/../lib/gcc/mingw32/4.8.1/../../../libmsvcrt.a(dsnos00721.o)
                0x0040b19c                _imp__strlen
 .idata$5       0x0040b1a0        0x4 c:/program files (x86)/codeblocks/mingw/bin/../lib/gcc/mingw32/4.8.1/../../../libmsvcrt.a(dsnos00748.o)
                0x0040b1a0                _imp__vfprintf
 .idata$5       0x0040b1a4        0x4 c:/program files (x86)/codeblocks/mingw/bin/../lib/gcc/mingw32/4.8.1/../../../libmsvcrt.a(dsnos00761.o)
                0x0040b1a4                _imp__wcslen
 .idata$5       0x0040b1a8        0x4 c:/program files (x86)/codeblocks/mingw/bin/../lib/gcc/mingw32/4.8.1/../../../libmsvcrt.a(dsnot.o)
                0x0040b1ac                __IAT_end__ = .
 SORT(*)(.idata$6)
 .idata$6       0x0040b1ac       0x18 c:/program files (x86)/codeblocks/mingw/bin/../lib/gcc/mingw32/4.8.1/../../../libkernel32.a(dchds00207.o)
 .idata$6       0x0040b1c4       0x18 c:/program files (x86)/codeblocks/mingw/bin/../lib/gcc/mingw32/4.8.1/../../../libkernel32.a(dchds00236.o)
 .idata$6       0x0040b1dc        0xe c:/program files (x86)/codeblocks/mingw/bin/../lib/gcc/mingw32/4.8.1/../../../libkernel32.a(dchds00279.o)
 .idata$6       0x0040b1ea       0x10 c:/program files (x86)/codeblocks/mingw/bin/../lib/gcc/mingw32/4.8.1/../../../libkernel32.a(dchds00510.o)
 .idata$6       0x0040b1fa       0x14 c:/program files (x86)/codeblocks/mingw/bin/../lib/gcc/mingw32/4.8.1/../../../libkernel32.a(dchds00529.o)
 .idata$6       0x0040b20e       0x12 c:/program files (x86)/codeblocks/mingw/bin/../lib/gcc/mingw32/4.8.1/../../../libkernel32.a(dchds00577.o)
 .idata$6       0x0040b220       0x1c c:/program files (x86)/codeblocks/mingw/bin/../lib/gcc/mingw32/4.8.1/../../../libkernel32.a(dchds00734.o)
 .idata$6       0x0040b23c       0x16 c:/program files (x86)/codeblocks/mingw/bin/../lib/gcc/mingw32/4.8.1/../../../libkernel32.a(dchds00744.o)
 .idata$6       0x0040b252       0x14 c:/program files (x86)/codeblocks/mingw/bin/../lib/gcc/mingw32/4.8.1/../../../libkernel32.a(dchds00763.o)
 .idata$6       0x0040b266       0x18 c:/program files (x86)/codeblocks/mingw/bin/../lib/gcc/mingw32/4.8.1/../../../libkernel32.a(dchds00814.o)
 .idata$6       0x0040b27e       0x16 c:/program files (x86)/codeblocks/mingw/bin/../lib/gcc/mingw32/4.8.1/../../../libkernel32.a(dchds00860.o)
 .idata$6       0x0040b294       0x1e c:/program files (x86)/codeblocks/mingw/bin/../lib/gcc/mingw32/4.8.1/../../../libkernel32.a(dchds01140.o)
 .idata$6       0x0040b2b2        0x8 c:/program files (x86)/codeblocks/mingw/bin/../lib/gcc/mingw32/4.8.1/../../../libkernel32.a(dchds01152.o)
 .idata$6       0x0040b2ba        0xe c:/program files (x86)/codeblocks/mingw/bin/../lib/gcc/mingw32/4.8.1/../../../libkernel32.a(dchds01173.o)
 .idata$6       0x0040b2c8       0x12 c:/program files (x86)/codeblocks/mingw/bin/../lib/gcc/mingw32/4.8.1/../../../libkernel32.a(dchds01213.o)
 .idata$6       0x0040b2da       0x10 c:/program files (x86)/codeblocks/mingw/bin/../lib/gcc/mingw32/4.8.1/../../../libkernel32.a(dchds01215.o)
 .idata$6       0x0040b2ea       0x16 c:/program files (x86)/codeblocks/mingw/bin/../lib/gcc/mingw32/4.8.1/../../../libkernel32.a(dchds01247.o)
 .idata$6       0x0040b300       0x10 c:/program files (x86)/codeblocks/mingw/bin/../lib/gcc/mingw32/4.8.1/../../../libmsvcrt.a(dsnos00055.o)
 .idata$6       0x0040b310       0x10 c:/program files (x86)/codeblocks/mingw/bin/../lib/gcc/mingw32/4.8.1/../../../libmsvcrt.a(dsnos00065.o)
 .idata$6       0x0040b320       0x10 c:/program files (x86)/codeblocks/mingw/bin/../lib/gcc/mingw32/4.8.1/../../../libmsvcrt.a(dsnos00077.o)
 .idata$6       0x0040b330        0xe c:/program files (x86)/codeblocks/mingw/bin/../lib/gcc/mingw32/4.8.1/../../../libmsvcrt.a(dsnos00079.o)
 .idata$6       0x0040b33e       0x12 c:/program files (x86)/codeblocks/mingw/bin/../lib/gcc/mingw32/4.8.1/../../../libmsvcrt.a(dsnos00099.o)
 .idata$6       0x0040b350        0xa c:/program files (x86)/codeblocks/mingw/bin/../lib/gcc/mingw32/4.8.1/../../../libmsvcrt.a(dsnos00147.o)
 .idata$6       0x0040b35a        0xa c:/program files (x86)/codeblocks/mingw/bin/../lib/gcc/mingw32/4.8.1/../../../libmsvcrt.a(dsnos00182.o)
 .idata$6       0x0040b364        0x8 c:/program files (x86)/codeblocks/mingw/bin/../lib/gcc/mingw32/4.8.1/../../../libmsvcrt.a(dsnos00266.o)
 .idata$6       0x0040b36c        0xa c:/program files (x86)/codeblocks/mingw/bin/../lib/gcc/mingw32/4.8.1/../../../libmsvcrt.a(dsnos00383.o)
 .idata$6       0x0040b376        0xc c:/program files (x86)/codeblocks/mingw/bin/../lib/gcc/mingw32/4.8.1/../../../libmsvcrt.a(dsnos00426.o)
 .idata$6       0x0040b382        0x8 c:/program files (x86)/codeblocks/mingw/bin/../lib/gcc/mingw32/4.8.1/../../../libmsvcrt.a(dsnos00583.o)
 .idata$6       0x0040b38a        0xa c:/program files (x86)/codeblocks/mingw/bin/../lib/gcc/mingw32/4.8.1/../../../libmsvcrt.a(dsnos00590.o)
 .idata$6       0x0040b394        0x8 c:/program files (x86)/codeblocks/mingw/bin/../lib/gcc/mingw32/4.8.1/../../../libmsvcrt.a(dsnos00592.o)
 .idata$6       0x0040b39c        0xa c:/program files (x86)/codeblocks/mingw/bin/../lib/gcc/mingw32/4.8.1/../../../libmsvcrt.a(dsnos00595.o)
 .idata$6       0x0040b3a6        0x8 c:/program files (x86)/codeblocks/mingw/bin/../lib/gcc/mingw32/4.8.1/../../../libmsvcrt.a(dsnos00620.o)
 .idata$6       0x0040b3ae        0x8 c:/program files (x86)/codeblocks/mingw/bin/../lib/gcc/mingw32/4.8.1/../../../libmsvcrt.a(dsnos00625.o)
 .idata$6       0x0040b3b6        0xa c:/program files (x86)/codeblocks/mingw/bin/../lib/gcc/mingw32/4.8.1/../../../libmsvcrt.a(dsnos00633.o)
 .idata$6       0x0040b3c0        0xa c:/program files (x86)/codeblocks/mingw/bin/../lib/gcc/mingw32/4.8.1/../../../libmsvcrt.a(dsnos00637.o)
 .idata$6       0x0040b3ca        0xe c:/program files (x86)/codeblocks/mingw/bin/../lib/gcc/mingw32/4.8.1/../../../libmsvcrt.a(dsnos00671.o)
 .idata$6       0x0040b3d8        0xa c:/program files (x86)/codeblocks/mingw/bin/../lib/gcc/mingw32/4.8.1/../../../libmsvcrt.a(dsnos00676.o)
 .idata$6       0x0040b3e2        0xa c:/program files (x86)/codeblocks/mingw/bin/../lib/gcc/mingw32/4.8.1/../../../libmsvcrt.a(dsnos00682.o)
 .idata$6       0x0040b3ec        0xc c:/program files (x86)/codeblocks/mingw/bin/../lib/gcc/mingw32/4.8.1/../../../libmsvcrt.a(dsnos00704.o)
 .idata$6       0x0040b3f8        0xa c:/program files (x86)/codeblocks/mingw/bin/../lib/gcc/mingw32/4.8.1/../../../libmsvcrt.a(dsnos00706.o)
 .idata$6       0x0040b402        0xa c:/program files (x86)/codeblocks/mingw/bin/../lib/gcc/mingw32/4.8.1/../../../libmsvcrt.a(dsnos00714.o)
 .idata$6       0x0040b40c        0xa c:/program files (x86)/codeblocks/mingw/bin/../lib/gcc/mingw32/4.8.1/../../../libmsvcrt.a(dsnos00721.o)
 .idata$6       0x0040b416        0xc c:/program files (x86)/codeblocks/mingw/bin/../lib/gcc/mingw32/4.8.1/../../../libmsvcrt.a(dsnos00748.o)
 .idata$6       0x0040b422        0xa c:/program files (x86)/codeblocks/mingw/bin/../lib/gcc/mingw32/4.8.1/../../../libmsvcrt.a(dsnos00761.o)
 SORT(*)(.idata$7)
 .idata$7       0x0040b42c        0x4 c:/program files (x86)/codeblocks/mingw/bin/../lib/gcc/mingw32/4.8.1/../../../libkernel32.a(dchds00207.o)
 .idata$7       0x0040b430        0x4 c:/program files (x86)/codeblocks/mingw/bin/../lib/gcc/mingw32/4.8.1/../../../libkernel32.a(dchds00236.o)
 .idata$7       0x0040b434        0x4 c:/program files (x86)/codeblocks/mingw/bin/../lib/gcc/mingw32/4.8.1/../../../libkernel32.a(dchds00279.o)
 .idata$7       0x0040b438        0x4 c:/program files (x86)/codeblocks/mingw/bin/../lib/gcc/mingw32/4.8.1/../../../libkernel32.a(dchds00510.o)
 .idata$7       0x0040b43c        0x4 c:/program files (x86)/codeblocks/mingw/bin/../lib/gcc/mingw32/4.8.1/../../../libkernel32.a(dchds00529.o)
 .idata$7       0x0040b440        0x4 c:/program files (x86)/codeblocks/mingw/bin/../lib/gcc/mingw32/4.8.1/../../../libkernel32.a(dchds00577.o)
 .idata$7       0x0040b444        0x4 c:/program files (x86)/codeblocks/mingw/bin/../lib/gcc/mingw32/4.8.1/../../../libkernel32.a(dchds00734.o)
 .idata$7       0x0040b448        0x4 c:/program files (x86)/codeblocks/mingw/bin/../lib/gcc/mingw32/4.8.1/../../../libkernel32.a(dchds00744.o)
 .idata$7       0x0040b44c        0x4 c:/program files (x86)/codeblocks/mingw/bin/../lib/gcc/mingw32/4.8.1/../../../libkernel32.a(dchds00763.o)
 .idata$7       0x0040b450        0x4 c:/program files (x86)/codeblocks/mingw/bin/../lib/gcc/mingw32/4.8.1/../../../libkernel32.a(dchds00814.o)
 .idata$7       0x0040b454        0x4 c:/program files (x86)/codeblocks/mingw/bin/../lib/gcc/mingw32/4.8.1/../../../libkernel32.a(dchds00860.o)
 .idata$7       0x0040b458        0x4 c:/program files (x86)/codeblocks/mingw/bin/../lib/gcc/mingw32/4.8.1/../../../libkernel32.a(dchds01140.o)
 .idata$7       0x0040b45c        0x4 c:/program files (x86)/codeblocks/mingw/bin/../lib/gcc/mingw32/4.8.1/../../../libkernel32.a(dchds01152.o)
 .idata$7       0x0040b460        0x4 c:/program files (x86)/codeblocks/mingw/bin/../lib/gcc/mingw32/4.8.1/../../../libkernel32.a(dchds01173.o)
 .idata$7       0x0040b464        0x4 c:/program files (x86)/codeblocks/mingw/bin/../lib/gcc/mingw32/4.8.1/../../../libkernel32.a(dchds01213.o)
 .idata$7       0x0040b468        0x4 c:/program files (x86)/codeblocks/mingw/bin/../lib/gcc/mingw32/4.8.1/../../../libkernel32.a(dchds01215.o)
 .idata$7       0x0040b46c        0x4 c:/program files (x86)/codeblocks/mingw/bin/../lib/gcc/mingw32/4.8.1/../../../libkernel32.a(dchds01247.o)
 .idata$7       0x0040b470       0x10 c:/program files (x86)/codeblocks/mingw/bin/../lib/gcc/mingw32/4.8.1/../../../libkernel32.a(dchdt.o)
                0x0040b470                _libkernel32_a_iname
 .idata$7       0x0040b480        0x4 c:/program files (x86)/codeblocks/mingw/bin/../lib/gcc/mingw32/4.8.1/../../../libmsvcrt.a(dsnos00055.o)
 .idata$7       0x0040b484        0x4 c:/program files (x86)/codeblocks/mingw/bin/../lib/gcc/mingw32/4.8.1/../../../libmsvcrt.a(dsnos00065.o)
 .idata$7       0x0040b488        0x4 c:/program files (x86)/codeblocks/mingw/bin/../lib/gcc/mingw32/4.8.1/../../../libmsvcrt.a(dsnos00077.o)
 .idata$7       0x0040b48c        0x4 c:/program files (x86)/codeblocks/mingw/bin/../lib/gcc/mingw32/4.8.1/../../../libmsvcrt.a(dsnos00079.o)
 .idata$7       0x0040b490        0x4 c:/program files (x86)/codeblocks/mingw/bin/../lib/gcc/mingw32/4.8.1/../../../libmsvcrt.a(dsnos00099.o)
 .idata$7       0x0040b494        0x4 c:/program files (x86)/codeblocks/mingw/bin/../lib/gcc/mingw32/4.8.1/../../../libmsvcrt.a(dsnos00147.o)
 .idata$7       0x0040b498        0x4 c:/program files (x86)/codeblocks/mingw/bin/../lib/gcc/mingw32/4.8.1/../../../libmsvcrt.a(dsnos00182.o)
 .idata$7       0x0040b49c        0x4 c:/program files (x86)/codeblocks/mingw/bin/../lib/gcc/mingw32/4.8.1/../../../libmsvcrt.a(dsnos00266.o)
 .idata$7       0x0040b4a0        0x4 c:/program files (x86)/codeblocks/mingw/bin/../lib/gcc/mingw32/4.8.1/../../../libmsvcrt.a(dsnos00383.o)
 .idata$7       0x0040b4a4        0x4 c:/program files (x86)/codeblocks/mingw/bin/../lib/gcc/mingw32/4.8.1/../../../libmsvcrt.a(dsnos00426.o)
 .idata$7       0x0040b4a8        0x4 c:/program files (x86)/codeblocks/mingw/bin/../lib/gcc/mingw32/4.8.1/../../../libmsvcrt.a(dsnos00583.o)
 .idata$7       0x0040b4ac        0x4 c:/program files (x86)/codeblocks/mingw/bin/../lib/gcc/mingw32/4.8.1/../../../libmsvcrt.a(dsnos00590.o)
 .idata$7       0x0040b4b0        0x4 c:/program files (x86)/codeblocks/mingw/bin/../lib/gcc/mingw32/4.8.1/../../../libmsvcrt.a(dsnos00592.o)
 .idata$7       0x0040b4b4        0x4 c:/program files (x86)/codeblocks/mingw/bin/../lib/gcc/mingw32/4.8.1/../../../libmsvcrt.a(dsnos00595.o)
 .idata$7       0x0040b4b8        0x4 c:/program files (x86)/codeblocks/mingw/bin/../lib/gcc/mingw32/4.8.1/../../../libmsvcrt.a(dsnos00620.o)
 .idata$7       0x0040b4bc        0x4 c:/program files (x86)/codeblocks/mingw/bin/../lib/gcc/mingw32/4.8.1/../../../libmsvcrt.a(dsnos00625.o)
 .idata$7       0x0040b4c0        0x4 c:/program files (x86)/codeblocks/mingw/bin/../lib/gcc/mingw32/4.8.1/../../../libmsvcrt.a(dsnos00633.o)
 .idata$7       0x0040b4c4        0x4 c:/program files (x86)/codeblocks/mingw/bin/../lib/gcc/mingw32/4.8.1/../../../libmsvcrt.a(dsnos00637.o)
 .idata$7       0x0040b4c8        0x4 c:/program files (x86)/codeblocks/mingw/bin/../lib/gcc/mingw32/4.8.1/../../../libmsvcrt.a(dsnos00671.o)
 .idata$7       0x0040b4cc        0x4 c:/program files (x86)/codeblocks/mingw/bin/../lib/gcc/mingw32/4.8.1/../../../libmsvcrt.a(dsnos00676.o)
 .idata$7       0x0040b4d0        0x4 c:/program files (x86)/codeblocks/mingw/bin/../lib/gcc/mingw32/4.8.1/../../../libmsvcrt.a(dsnos00682.o)
 .idata$7       0x0040b4d4        0x4 c:/program files (x86)/codeblocks/mingw/bin/../lib/gcc/mingw32/4.8.1/../../../libmsvcrt.a(dsnos00704.o)
 .idata$7       0x0040b4d8        0x4 c:/program files (x86)/codeblocks/mingw/bin/../lib/gcc/mingw32/4.8.1/../../../libmsvcrt.a(dsnos00706.o)
 .idata$7       0x0040b4dc        0x4 c:/program files (x86)/codeblocks/mingw/bin/../lib/gcc/mingw32/4.8.1/../../../libmsvcrt.a(dsnos00714.o)
 .idata$7       0x0040b4e0        0x4 c:/program files (x86)/codeblocks/mingw/bin/../lib/gcc/mingw32/4.8.1/../../../libmsvcrt.a(dsnos00721.o)
 .idata$7       0x0040b4e4        0x4 c:/program files (x86)/codeblocks/mingw/bin/../lib/gcc/mingw32/4.8.1/../../../libmsvcrt.a(dsnos00748.o)
 .idata$7       0x0040b4e8        0x4 c:/program files (x86)/codeblocks/mingw/bin/../lib/gcc/mingw32/4.8.1/../../../libmsvcrt.a(dsnos00761.o)
 .idata$7       0x0040b4ec        0xc c:/program files (x86)/codeblocks/mingw/bin/../lib/gcc/mingw32/4.8.1/../../../libmsvcrt.a(dsnot.o)
                0x0040b4ec                _libmsvcrt_a_iname

.CRT            0x0040c000      0x200
                0x0040c000                ___crt_xc_start__ = .
 *(SORT(.CRT$XC*))
                0x0040c000                ___crt_xc_end__ = .
                0x0040c000                ___crt_xi_start__ = .
 *(SORT(.CRT$XI*))
                0x0040c000                ___crt_xi_end__ = .
                0x0040c000                ___crt_xl_start__ = .
 *(SORT(.CRT$XL*))
 .CRT$XLA       0x0040c000        0x4 c:/program files (x86)/codeblocks/mingw/bin/../lib/gcc/mingw32/4.8.1/../../../libmingw32.a(tlssup.o)
                0x0040c000                __xl_a
 .CRT$XLC       0x0040c004        0x4 c:/program files (x86)/codeblocks/mingw/bin/../lib/gcc/mingw32/4.8.1/../../../libmingw32.a(tlssup.o)
                0x0040c004                __xl_c
 .CRT$XLD       0x0040c008        0x4 c:/program files (x86)/codeblocks/mingw/bin/../lib/gcc/mingw32/4.8.1/../../../libmingw32.a(tlssup.o)
                0x0040c008                __xl_d
 .CRT$XLZ       0x0040c00c        0x4 c:/program files (x86)/codeblocks/mingw/bin/../lib/gcc/mingw32/4.8.1/../../../libmingw32.a(tlssup.o)
                0x0040c00c                __xl_z
                0x0040c010                ___crt_xp_start__ = .
 *(SORT(.CRT$XP*))
                0x0040c010                ___crt_xp_end__ = .
                0x0040c010                ___crt_xt_start__ = .
 *(SORT(.CRT$XT*))
                0x0040c010                ___crt_xt_end__ = .
 .CRT$XDA       0x0040c010        0x4 c:/program files (x86)/codeblocks/mingw/bin/../lib/gcc/mingw32/4.8.1/../../../libmingw32.a(tlssup.o)
 .CRT$XDZ       0x0040c014        0x4 c:/program files (x86)/codeblocks/mingw/bin/../lib/gcc/mingw32/4.8.1/../../../libmingw32.a(tlssup.o)

.tls            0x0040d000      0x200
                0x0040d000                ___tls_start__ = .
 *(.tls)
 .tls           0x0040d000       0x18 c:/program files (x86)/codeblocks/mingw/bin/../lib/gcc/mingw32/4.8.1/../../../libmingw32.a(tlssup.o)
                0x0040d000                _tls_used
 *(.tls$)
 *(SORT(.tls$*))
 .tls$AAA       0x0040d018        0x4 c:/program files (x86)/codeblocks/mingw/bin/../lib/gcc/mingw32/4.8.1/../../../libmingw32.a(tlssup.o)
                0x0040d018                _tls_start
 .tls$ZZZ       0x0040d01c        0x4 c:/program files (x86)/codeblocks/mingw/bin/../lib/gcc/mingw32/4.8.1/../../../libmingw32.a(tlssup.o)
                0x0040d01c                _tls_end
                0x0040d020                ___tls_end__ = .

.endjunk        0x0040e000        0x0
                0x0040e000                PROVIDE (end, .)
                0x0040e000                PROVIDE (_end, .)
                0x0040e000                __end__ = .

.rsrc
 *(.rsrc)
 *(SORT(.rsrc$*))

.reloc
 *(.reloc)

.stab
 *(.stab)

.stabstr
 *(.stabstr)

.debug_aranges  0x0040e000      0x200
 *(.debug_aranges)
 .debug_aranges
                0x0040e000       0x20 main.o
 .debug_aranges
                0x0040e020       0x20 memory.o
 .debug_aranges
                0x0040e040       0x18 c:/program files (x86)/codeblocks/mingw/bin/../lib/gcc/mingw32/4.8.1/libgcc.a(_ctors.o)
 .debug_aranges
                0x0040e058       0x20 c:/program files (x86)/codeblocks/mingw/bin/../lib/gcc/mingw32/4.8.1/libgcc.a(_umoddi3.o)
 .debug_aranges
                0x0040e078       0x20 c:/program files (x86)/codeblocks/mingw/bin/../lib/gcc/mingw32/4.8.1/libgcc.a(_udivdi3.o)
 .debug_aranges
                0x0040e098       0x20 c:/program files (x86)/codeblocks/mingw/bin/../lib/gcc/mingw32/4.8.1/libgcc.a(_chkstk_ms.o)

.debug_pubnames
 *(.debug_pubnames)

.debug_pubtypes
 *(.debug_pubtypes)

.debug_info     0x0040f000     0x1c00
 *(.debug_info .gnu.linkonce.wi.*)
 .debug_info    0x0040f000      0x2ab main.o
 .debug_info    0x0040f2ab      0x23d memory.o
 .debug_info    0x0040f4e8      0xb84 c:/program files (x86)/codeblocks/mingw/bin/../lib/gcc/mingw32/4.8.1/libgcc.a(_ctors.o)
 .debug_info    0x0041006c      0x563 c:/program files (x86)/codeblocks/mingw/bin/../lib/gcc/mingw32/4.8.1/libgcc.a(_umoddi3.o)
 .debug_info    0x004105cf      0x552 c:/program files (x86)/codeblocks/mingw/bin/../lib/gcc/mingw32/4.8.1/libgcc.a(_udivdi3.o)
 .debug_info    0x00410b21       0x96 c:/program files (x86)/codeblocks/mingw/bin/../lib/gcc/mingw32/4.8.1/libgcc.a(_chkstk_ms.o)

.debug_abbrev   0x00411000      0x600
 *(.debug_abbrev)
 .debug_abbrev  0x00411000       0xf7 main.o
 .debug_abbrev  0x004110f7       0xae memory.o
 .debug_abbrev  0x004111a5       0xa7 c:/program files (x86)/codeblocks/mingw/bin/../lib/gcc/mingw32/4.8.1/libgcc.a(_ctors.o)
 .debug_abbrev  0x0041124c      0x162 c:/program files (x86)/codeblocks/mingw/bin/../lib/gcc/mingw32/4.8.1/libgcc.a(_umoddi3.o)
 .debug_abbrev  0x004113ae      0x15c c:/program files (x86)/codeblocks/mingw/bin/../lib/gcc/mingw32/4.8.1/libgcc.a(_udivdi3.o)
 .debug_abbrev  0x0041150a       0x14 c:/program files (x86)/codeblocks/mingw/bin/../lib/gcc/mingw32/4.8.1/libgcc.a(_chkstk_ms.o)

.debug_line     0x00412000      0x600
 *(.debug_line)
 .debug_line    0x00412000       0xae main.o
 .debug_line    0x004120ae       0x5a memory.o
 .debug_line    0x00412108       0xbd c:/program files (x86)/codeblocks/mingw/bin/../lib/gcc/mingw32/4.8.1/libgcc.a(_ctors.o)
 .debug_line    0x004121c5      0x117 c:/program files (x86)/codeblocks/mingw/bin/../lib/gcc/mingw32/4.8.1/libgcc.a(_umoddi3.o)
 .debug_line    0x004122dc       0xfb c:/program files (x86)/codeblocks/mingw/bin/../lib/gcc/mingw32/4.8.1/libgcc.a(_udivdi3.o)
 .debug_line    0x004123d7       0x77 c:/program files (x86)/codeblocks/mingw/bin/../lib/gcc/mingw32/4.8.1/libgcc.a(_chkstk_ms.o)

.debug_frame    0x00413000      0x400
 *(.debug_frame*)
 .debug_frame   0x00413000       0x58 main.o
 .debug_frame   0x00413058       0xb4 memory.o
 .debug_frame   0x0041310c       0x94 c:/program files (x86)/codeblocks/mingw/bin/../lib/gcc/mingw32/4.8.1/libgcc.a(_umoddi3.o)
 .debug_frame   0x004131a0       0x94 c:/program files (x86)/codeblocks/mingw/bin/../lib/gcc/mingw32/4.8.1/libgcc.a(_udivdi3.o)
 .debug_frame   0x00413234       0x38 c:/program files (x86)/codeblocks/mingw/bin/../lib/gcc/mingw32/4.8.1/libgcc.a(_chkstk_ms.o)

.debug_str      0x00414000        0x0
 *(.debug_str)
 .debug_str     0x00414000        0x0 main.o
 .debug_str     0x00414000        0x0 memory.o
 .debug_str     0x00414000        0x0 c:/program files (x86)/codeblocks/mingw/bin/../lib/gcc/mingw32/4.8.1/libgcc.a(_ctors.o)
 .debug_str     0x00414000        0x0 c:/program files (x86)/codeblocks/mingw/bin/../lib/gcc/mingw32/4.8.1/libgcc.a(_umoddi3.o)
 .debug_str     0x00414000        0x0 c:/program files (x86)/codeblocks/mingw/bin/../lib/gcc/mingw32/4.8.1/libgcc.a(_udivdi3.o)

.debug_loc      0x00414000      0xe00
 *(.debug_loc)
 .debug_loc     0x00414000      0x7d0 c:/program files (x86)/codeblocks/mingw/bin/../lib/gcc/mingw32/4.8.1/libgcc.a(_umoddi3.o)
 .debug_loc     0x004147d0      0x57b c:/program files (x86)/codeblocks/mingw/bin/../lib/gcc/mingw32/4.8.1/libgcc.a(_udivdi3.o)

.debug_macinfo
 *(.debug_macinfo)

.debug_weaknames
 *(.debug_weaknames)

.debug_funcnames
 *(.debug_funcnames)

.debug_typenames
 *(.debug_typenames)

.debug_varnames
 *(.debug_varnames)

.debug_macro
 *(.debug_macro)

.debug_ranges   0x00415000      0x200
 *(.debug_ranges)
 .debug_ranges  0x00415000       0x88 c:/program files (x86)/codeblocks/mingw/bin/../lib/gcc/mingw32/4.8.1/libgcc.a(_umoddi3.o)
 .debug_ranges  0x00415088       0x70 c:/program files (x86)/codeblocks/mingw/bin/../lib/gcc/mingw32/4.8.1/libgcc.a(_udivdi3.o)

.debug_types
 *(.debug_types .gnu.linkonce.wt.*)
OUTPUT(c1m2.out pei-i386)
